Component: Arm Compiler for Embedded 6.22 Tool: armlink [5ee90200]

==============================================================================

Section Cross References

    startup_stm32f427xx.o(STACK) refers (Special) to heapauxi.o(.text) for __use_two_region_memory
    startup_stm32f427xx.o(HEAP) refers (Special) to heapauxi.o(.text) for __use_two_region_memory
    startup_stm32f427xx.o(RESET) refers (Special) to heapauxi.o(.text) for __use_two_region_memory
    startup_stm32f427xx.o(RESET) refers to startup_stm32f427xx.o(STACK) for __initial_sp
    startup_stm32f427xx.o(RESET) refers to startup_stm32f427xx.o(.text) for Reset_Handler
    startup_stm32f427xx.o(RESET) refers to stm32f4xx_it.o(.text.NMI_Handler) for NMI_Handler
    startup_stm32f427xx.o(RESET) refers to stm32f4xx_it.o(.text.HardFault_Handler) for HardFault_Handler
    startup_stm32f427xx.o(RESET) refers to stm32f4xx_it.o(.text.MemManage_Handler) for MemManage_Handler
    startup_stm32f427xx.o(RESET) refers to stm32f4xx_it.o(.text.BusFault_Handler) for BusFault_Handler
    startup_stm32f427xx.o(RESET) refers to stm32f4xx_it.o(.text.UsageFault_Handler) for UsageFault_Handler
    startup_stm32f427xx.o(RESET) refers to stm32f4xx_it.o(.text.SVC_Handler) for SVC_Handler
    startup_stm32f427xx.o(RESET) refers to stm32f4xx_it.o(.text.DebugMon_Handler) for DebugMon_Handler
    startup_stm32f427xx.o(RESET) refers to stm32f4xx_it.o(.text.PendSV_Handler) for PendSV_Handler
    startup_stm32f427xx.o(RESET) refers to stm32f4xx_it.o(.text.SysTick_Handler) for SysTick_Handler
    startup_stm32f427xx.o(RESET) refers to stm32f4xx_it.o(.text.CAN1_RX0_IRQHandler) for CAN1_RX0_IRQHandler
    startup_stm32f427xx.o(RESET) refers to stm32f4xx_it.o(.text.CAN1_RX1_IRQHandler) for CAN1_RX1_IRQHandler
    startup_stm32f427xx.o(RESET) refers to stm32f4xx_it.o(.text.DMA2_Stream1_IRQHandler) for DMA2_Stream1_IRQHandler
    startup_stm32f427xx.o(RESET) refers to stm32f4xx_it.o(.text.DMA2_Stream6_IRQHandler) for DMA2_Stream6_IRQHandler
    startup_stm32f427xx.o(RESET) refers to stm32f4xx_it.o(.text.USART6_IRQHandler) for USART6_IRQHandler
    startup_stm32f427xx.o(.text) refers (Special) to heapauxi.o(.text) for __use_two_region_memory
    startup_stm32f427xx.o(.text) refers to system_stm32f4xx.o(.text.SystemInit) for SystemInit
    startup_stm32f427xx.o(.text) refers to __main.o(!!!main) for __main
    startup_stm32f427xx.o(.text) refers to startup_stm32f427xx.o(HEAP) for Heap_Mem
    startup_stm32f427xx.o(.text) refers to startup_stm32f427xx.o(STACK) for Stack_Mem
    callback.o(.text.HAL_CAN_RxFifo0MsgPendingCallback) refers to main.o(.bss.RxData) for RxData
    callback.o(.text.HAL_CAN_RxFifo0MsgPendingCallback) refers to can.o(.bss.hcan1) for hcan1
    callback.o(.text.HAL_CAN_RxFifo0MsgPendingCallback) refers to main.o(.bss.RxHeader) for RxHeader
    callback.o(.text.HAL_CAN_RxFifo0MsgPendingCallback) refers to stm32f4xx_hal_can.o(.text.HAL_CAN_GetRxMessage) for HAL_CAN_GetRxMessage
    callback.o(.text.HAL_CAN_RxFifo0MsgPendingCallback) refers to callback.o(.bss.motor) for motor
    callback.o(.text.HAL_CAN_RxFifo0MsgPendingCallback) refers to motor.o(.text._ZN11M3508_Motor16canRxMsgCallbackEPh) for M3508_Motor::canRxMsgCallback(unsigned char*)
    callback.o(.text.HAL_CAN_RxFifo0MsgPendingCallback) refers to motor.o(.text._ZN11M3508_Motor17Get_motor_messageEv) for M3508_Motor::Get_motor_message()
    callback.o(.text.HAL_CAN_RxFifo0MsgPendingCallback) refers to usart.o(.bss.huart6) for huart6
    callback.o(.text.HAL_CAN_RxFifo0MsgPendingCallback) refers to stm32f4xx_hal_uart.o(.text.HAL_UART_Transmit_DMA) for HAL_UART_Transmit_DMA
    callback.o(.text.HAL_CAN_RxFifo0MsgPendingCallback) refers to stm32f4xx_hal.o(.text.HAL_Delay) for HAL_Delay
    callback.o(.text.HAL_CAN_RxFifo0MsgPendingCallback) refers to new.cpp.o(.text._ZdlPv) for operator delete(void*)
    callback.o(.ARM.exidx.text.HAL_CAN_RxFifo0MsgPendingCallback) refers to callback.o(.text.HAL_CAN_RxFifo0MsgPendingCallback) for [Anonymous Symbol]
    callback.o(.text._GLOBAL__sub_I_Callback.cpp) refers to callback.o(.bss.motor) for motor
    callback.o(.text._GLOBAL__sub_I_Callback.cpp) refers to motor.o(.text._ZN11M3508_MotorC2Ev) for M3508_Motor::M3508_Motor()
    callback.o(.ARM.exidx.text._GLOBAL__sub_I_Callback.cpp) refers to callback.o(.text._GLOBAL__sub_I_Callback.cpp) for [Anonymous Symbol]
    callback.o(.init_array) refers to callback.o(.text._GLOBAL__sub_I_Callback.cpp) for _GLOBAL__sub_I_Callback.cpp
    motor.o(.ARM.exidx.text._ZN11M3508_MotorC2Ev) refers to motor.o(.text._ZN11M3508_MotorC2Ev) for [Anonymous Symbol]
    motor.o(.ARM.exidx.text._ZN11M3508_Motor13linearMappingEiiiff) refers to motor.o(.text._ZN11M3508_Motor13linearMappingEiiiff) for [Anonymous Symbol]
    motor.o(.ARM.exidx.text._ZN11M3508_Motor16canRxMsgCallbackEPh) refers to motor.o(.text._ZN11M3508_Motor16canRxMsgCallbackEPh) for [Anonymous Symbol]
[...]
    __rt_lib_init_heap_2                     0x080002e3   Thumb Code     0  libinit2.o(.ARM.Collect$$libinit$$00000007)
    __rt_lib_init_preinit_1                  0x080002e3   Thumb Code     0  libinit2.o(.ARM.Collect$$libinit$$00000006)
    __rt_lib_init_relocate_pie_1             0x080002e3   Thumb Code     0  libinit2.o(.ARM.Collect$$libinit$$00000004)
    __rt_lib_init_heap_1                     0x080002eb   Thumb Code     0  libinit2.o(.ARM.Collect$$libinit$$0000000C)
    __rt_lib_init_lc_common                  0x080002eb   Thumb Code     0  libinit2.o(.ARM.Collect$$libinit$$00000011)
    __rt_lib_init_rand_1                     0x080002eb   Thumb Code     0  libinit2.o(.ARM.Collect$$libinit$$00000010)
    __rt_lib_init_user_alloc_1               0x080002eb   Thumb Code     0  libinit2.o(.ARM.Collect$$libinit$$0000000E)
    __rt_lib_init_lc_collate_1               0x080002f1   Thumb Code     0  libinit2.o(.ARM.Collect$$libinit$$00000013)
    __rt_lib_init_lc_ctype_2                 0x080002f1   Thumb Code     0  libinit2.o(.ARM.Collect$$libinit$$00000014)
    __rt_lib_init_lc_ctype_1                 0x080002fd   Thumb Code     0  libinit2.o(.ARM.Collect$$libinit$$00000015)
    __rt_lib_init_lc_monetary_1              0x080002fd   Thumb Code     0  libinit2.o(.ARM.Collect$$libinit$$00000017)
    __rt_lib_init_lc_numeric_2               0x080002fd   Thumb Code     0  libinit2.o(.ARM.Collect$$libinit$$00000018)
    __rt_lib_init_atexit_1                   0x08000307   Thumb Code     0  libinit2.o(.ARM.Collect$$libinit$$0000001D)
    __rt_lib_init_clock_1                    0x08000307   Thumb Code     0  libinit2.o(.ARM.Collect$$libinit$$00000023)
    __rt_lib_init_fp_trap_1                  0x08000307   Thumb Code     0  libinit2.o(.ARM.Collect$$libinit$$00000021)
    __rt_lib_init_getenv_1                   0x08000307   Thumb Code     0  libinit2.o(.ARM.Collect$$libinit$$00000025)
    __rt_lib_init_lc_numeric_1               0x08000307   Thumb Code     0  libinit2.o(.ARM.Collect$$libinit$$00000019)
    __rt_lib_init_lc_time_1                  0x08000307   Thumb Code     0  libinit2.o(.ARM.Collect$$libinit$$0000001B)
    __rt_lib_init_signal_1                   0x08000307   Thumb Code     0  libinit2.o(.ARM.Collect$$libinit$$0000001F)
    __rt_lib_init_stdio_2                    0x08000307   Thumb Code     0  libinit2.o(.ARM.Collect$$libinit$$00000026)
    __rt_lib_init_alloca_1                   0x0800030b   Thumb Code     0  libinit2.o(.ARM.Collect$$libinit$$00000030)
    __rt_lib_init_argv_1                     0x0800030b   Thumb Code     0  libinit2.o(.ARM.Collect$$libinit$$0000002E)
    __rt_lib_init_cpp_2                      0x0800030b   Thumb Code     0  libinit2.o(.ARM.Collect$$libinit$$00000033)
    __rt_lib_init_exceptions_1               0x0800030b   Thumb Code     0  libinit2.o(.ARM.Collect$$libinit$$00000032)
    __rt_lib_init_stdio_1                    0x0800030b   Thumb Code     0  libinit2.o(.ARM.Collect$$libinit$$00000027)
    __rt_lib_init_cpp_1                      0x0800030f   Thumb Code     0  libinit2.o(.ARM.Collect$$libinit$$00000034)
    __rt_lib_init_return                     0x0800030f   Thumb Code     0  libinit2.o(.ARM.Collect$$libinit$$00000035)
    __rt_lib_shutdown                        0x08000311   Thumb Code     0  libshutdown.o(.ARM.Collect$$libshutdown$$00000000)
    __rt_lib_shutdown_cpp_1                  0x08000313   Thumb Code     0  libshutdown2.o(.ARM.Collect$$libshutdown$$00000002)
    __rt_lib_shutdown_stdio_2                0x08000313   Thumb Code     0  libshutdown2.o(.ARM.Collect$$libshutdown$$00000003)
    __rt_lib_shutdown_fp_trap_1              0x08000317   Thumb Code     0  libshutdown2.o(.ARM.Collect$$libshutdown$$00000007)
    __rt_lib_shutdown_heap_1                 0x08000317   Thumb Code     0  libshutdown2.o(.ARM.Collect$$libshutdown$$0000000F)
    __rt_lib_shutdown_return                 0x08000317   Thumb Code     0  libshutdown2.o(.ARM.Collect$$libshutdown$$00000010)
    __rt_lib_shutdown_signal_1               0x08000317   Thumb Code     0  libshutdown2.o(.ARM.Collect$$libshutdown$$0000000A)
    __rt_lib_shutdown_stdio_1                0x08000317   Thumb Code     0  libshutdown2.o(.ARM.Collect$$libshutdown$$00000004)
    __rt_lib_shutdown_user_alloc_1           0x08000317   Thumb Code     0  libshutdown2.o(.ARM.Collect$$libshutdown$$0000000C)
    __rt_entry                               0x08000319   Thumb Code     0  __rtentry.o(.ARM.Collect$$rtentry$$00000000)
    __rt_entry_presh_1                       0x08000319   Thumb Code     0  __rtentry2.o(.ARM.Collect$$rtentry$$00000002)
    __rt_entry_sh                            0x08000319   Thumb Code     0  __rtentry4.o(.ARM.Collect$$rtentry$$00000004)
    __rt_entry_li                            0x0800031f   Thumb Code     0  __rtentry2.o(.ARM.Collect$$rtentry$$0000000A)
    __rt_entry_postsh_1                      0x0800031f   Thumb Code     0  __rtentry2.o(.ARM.Collect$$rtentry$$00000009)
    __rt_entry_main                          0x08000323   Thumb Code     0  __rtentry2.o(.ARM.Collect$$rtentry$$0000000D)
    __rt_entry_postli_1                      0x08000323   Thumb Code     0  __rtentry2.o(.ARM.Collect$$rtentry$$0000000C)
    __rt_exit                                0x0800032b   Thumb Code     0  rtexit.o(.ARM.Collect$$rtexit$$00000000)
    __rt_exit_ls                             0x0800032d   Thumb Code     0  rtexit2.o(.ARM.Collect$$rtexit$$00000003)
    __rt_exit_prels_1                        0x0800032d   Thumb Code     0  rtexit2.o(.ARM.Collect$$rtexit$$00000002)
    __rt_exit_exit                           0x08000331   Thumb Code     0  rtexit2.o(.ARM.Collect$$rtexit$$00000004)
    Reset_Handler                            0x08000339   Thumb Code     8  startup_stm32f427xx.o(.text)
    ADC_IRQHandler                           0x08000353   Thumb Code     0  startup_stm32f427xx.o(.text)
    CAN1_SCE_IRQHandler                      0x08000353   Thumb Code     0  startup_stm32f427xx.o(.text)
    CAN1_TX_IRQHandler                       0x08000353   Thumb Code     0  startup_stm32f427xx.o(.text)
    CAN2_RX0_IRQHandler                      0x08000353   Thumb Code     0  startup_stm32f427xx.o(.text)
    CAN2_RX1_IRQHandler                      0x08000353   Thumb Code     0  startup_stm32f427xx.o(.text)
    CAN2_SCE_IRQHandler                      0x08000353   Thumb Code     0  startup_stm32f427xx.o(.text)
    CAN2_TX_IRQHandler                       0x08000353   Thumb Code     0  startup_stm32f427xx.o(.text)
    DCMI_IRQHandler                          0x08000353   Thumb Code     0  startup_stm32f427xx.o(.text)
    DMA1_Stream0_IRQHandler                  0x08000353   Thumb Code     0  startup_stm32f427xx.o(.text)
    DMA1_Stream1_IRQHandler                  0x08000353   Thumb Code     0  startup_stm32f427xx.o(.text)
    DMA1_Stream2_IRQHandler                  0x08000353   Thumb Code     0  startup_stm32f427xx.o(.text)
    DMA1_Stream3_IRQHandler                  0x08000353   Thumb Code     0  startup_stm32f427xx.o(.text)
    DMA1_Stream4_IRQHandler                  0x08000353   Thumb Code     0  startup_stm32f427xx.o(.text)
    DMA1_Stream5_IRQHandler                  0x08000353   Thumb Code     0  startup_stm32f427xx.o(.text)
    DMA1_Stream6_IRQHandler                  0x08000353   Thumb Code     0  startup_stm32f427xx.o(.text)
    DMA1_Stream7_IRQHandler                  0x08000353   Thumb Code     0  startup_stm32f427xx.o(.text)
    DMA2D_IRQHandler                         0x08000353   Thumb Code     0  startup_stm32f427xx.o(.text)
    DMA2_Stream0_IRQHandler                  0x08000353   Thumb Code     0  startup_stm32f427xx.o(.text)
    DMA2_Stream2_IRQHandler                  0x08000353   Thumb Code     0  startup_stm32f427xx.o(.text)
    DMA2_Stream3_IRQHandler                  0x08000353   Thumb Code     0  startup_stm32f427xx.o(.text)
    DMA2_Stream4_IRQHandler                  0x08000353   Thumb Code     0  startup_stm32f427xx.o(.text)
    DMA2_Stream5_IRQHandler                  0x08000353   Thumb Code     0  startup_stm32f427xx.o(.text)
    DMA2_Stream7_IRQHandler                  0x08000353   Thumb Code     0  startup_stm32f427xx.o(.text)
    ETH_IRQHandler                           0x08000353   Thumb Code     0  startup_stm32f427xx.o(.text)
    ETH_WKUP_IRQHandler                      0x08000353   Thumb Code     0  startup_stm32f427xx.o(.text)
    EXTI0_IRQHandler                         0x08000353   Thumb Code     0  startup_stm32f427xx.o(.text)
    EXTI15_10_IRQHandler                     0x08000353   Thumb Code     0  startup_stm32f427xx.o(.text)
    EXTI1_IRQHandler                         0x08000353   Thumb Code     0  startup_stm32f427xx.o(.text)
    EXTI2_IRQHandler                         0x08000353   Thumb Code     0  startup_stm32f427xx.o(.text)
    EXTI3_IRQHandler                         0x08000353   Thumb Code     0  startup_stm32f427xx.o(.text)
    EXTI4_IRQHandler                         0x08000353   Thumb Code     0  startup_stm32f427xx.o(.text)
    EXTI9_5_IRQHandler                       0x08000353   Thumb Code     0  startup_stm32f427xx.o(.text)
    FLASH_IRQHandler                         0x08000353   Thumb Code     0  startup_stm32f427xx.o(.text)
    FMC_IRQHandler                           0x08000353   Thumb Code     0  startup_stm32f427xx.o(.text)
    FPU_IRQHandler                           0x08000353   Thumb Code     0  startup_stm32f427xx.o(.text)
    HASH_RNG_IRQHandler                      0x08000353   Thumb Code     0  startup_stm32f427xx.o(.text)
    I2C1_ER_IRQHandler                       0x08000353   Thumb Code     0  startup_stm32f427xx.o(.text)
    I2C1_EV_IRQHandler                       0x08000353   Thumb Code     0  startup_stm32f427xx.o(.text)
    I2C2_ER_IRQHandler                       0x08000353   Thumb Code     0  startup_stm32f427xx.o(.text)
    I2C2_EV_IRQHandler                       0x08000353   Thumb Code     0  startup_stm32f427xx.o(.text)
    I2C3_ER_IRQHandler                       0x08000353   Thumb Code     0  startup_stm32f427xx.o(.text)
    I2C3_EV_IRQHandler                       0x08000353   Thumb Code     0  startup_stm32f427xx.o(.text)
    OTG_FS_IRQHandler                        0x08000353   Thumb Code     0  startup_stm32f427xx.o(.text)
    OTG_FS_WKUP_IRQHandler                   0x08000353   Thumb Code     0  startup_stm32f427xx.o(.text)
    OTG_HS_EP1_IN_IRQHandler                 0x08000353   Thumb Code     0  startup_stm32f427xx.o(.text)
    OTG_HS_EP1_OUT_IRQHandler                0x08000353   Thumb Code     0  startup_stm32f427xx.o(.text)
    OTG_HS_IRQHandler                        0x08000353   Thumb Code     0  startup_stm32f427xx.o(.text)
    OTG_HS_WKUP_IRQHandler                   0x08000353   Thumb Code     0  startup_stm32f427xx.o(.text)
    PVD_IRQHandler                           0x08000353   Thumb Code     0  startup_stm32f427xx.o(.text)
    RCC_IRQHandler                           0x08000353   Thumb Code     0  startup_stm32f427xx.o(.text)
    RTC_Alarm_IRQHandler                     0x08000353   Thumb Code     0  startup_stm32f427xx.o(.text)
    RTC_WKUP_IRQHandler                      0x08000353   Thumb Code     0  startup_stm32f427xx.o(.text)
    SAI1_IRQHandler                          0x08000353   Thumb Code     0  startup_stm32f427xx.o(.text)
    SDIO_IRQHandler                          0x08000353   Thumb Code     0  startup_stm32f427xx.o(.text)
    SPI1_IRQHandler                          0x08000353   Thumb Code     0  startup_stm32f427xx.o(.text)
    SPI2_IRQHandler                          0x08000353   Thumb Code     0  startup_stm32f427xx.o(.text)
    SPI3_IRQHandler                          0x08000353   Thumb Code     0  startup_stm32f427xx.o(.text)
    SPI4_IRQHandler                          0x08000353   Thumb Code     0  startup_stm32f427xx.o(.text)
    SPI5_IRQHandler                          0x08000353   Thumb Code     0  startup_stm32f427xx.o(.text)
    SPI6_IRQHandler                          0x08000353   Thumb Code     0  startup_stm32f427xx.o(.text)
    TAMP_STAMP_IRQHandler                    0x08000353   Thumb Code     0  startup_stm32f427xx.o(.text)
    TIM1_BRK_TIM9_IRQHandler                 0x08000353   Thumb Code     0  startup_stm32f427xx.o(.text)
    TIM1_CC_IRQHandler                       0x08000353   Thumb Code     0  startup_stm32f427xx.o(.text)
    TIM1_TRG_COM_TIM11_IRQHandler            0x08000353   Thumb Code     0  startup_stm32f427xx.o(.text)
    TIM1_UP_TIM10_IRQHandler                 0x08000353   Thumb Code     0  startup_stm32f427xx.o(.text)
    TIM2_IRQHandler                          0x08000353   Thumb Code     0  startup_stm32f427xx.o(.text)
    TIM3_IRQHandler                          0x08000353   Thumb Code     0  startup_stm32f427xx.o(.text)
    TIM4_IRQHandler                          0x08000353   Thumb Code     0  startup_stm32f427xx.o(.text)
    TIM5_IRQHandler                          0x08000353   Thumb Code     0  startup_stm32f427xx.o(.text)
    TIM6_DAC_IRQHandler                      0x08000353   Thumb Code     0  startup_stm32f427xx.o(.text)
    TIM7_IRQHandler                          0x08000353   Thumb Code     0  startup_stm32f427xx.o(.text)
    TIM8_BRK_TIM12_IRQHandler                0x08000353   Thumb Code     0  startup_stm32f427xx.o(.text)
    TIM8_CC_IRQHandler                       0x08000353   Thumb Code     0  startup_stm32f427xx.o(.text)
    TIM8_TRG_COM_TIM14_IRQHandler            0x08000353   Thumb Code     0  startup_stm32f427xx.o(.text)
    TIM8_UP_TIM13_IRQHandler                 0x08000353   Thumb Code     0  startup_stm32f427xx.o(.text)
    UART4_IRQHandler                         0x08000353   Thumb Code     0  startup_stm32f427xx.o(.text)
    UART5_IRQHandler                         0x08000353   Thumb Code     0  startup_stm32f427xx.o(.text)
    UART7_IRQHandler                         0x08000353   Thumb Code     0  startup_stm32f427xx.o(.text)
    UART8_IRQHandler                         0x08000353   Thumb Code     0  startup_stm32f427xx.o(.text)
    USART1_IRQHandler                        0x08000353   Thumb Code     0  startup_stm32f427xx.o(.text)
    USART2_IRQHandler                        0x08000353   Thumb Code     0  startup_stm32f427xx.o(.text)
    USART3_IRQHandler                        0x08000353   Thumb Code     0  startup_stm32f427xx.o(.text)
    WWDG_IRQHandler                          0x08000353   Thumb Code     0  startup_stm32f427xx.o(.text)
    __user_initial_stackheap                 0x08000355   Thumb Code     0  startup_stm32f427xx.o(.text)
    __aeabi_uldivmod                         0x08000379   Thumb Code     0  lludivv7m.o(.text)
    _ll_udiv                                 0x08000379   Thumb Code   240  lludivv7m.o(.text)
    __aeabi_memcpy4                          0x08000469   Thumb Code     0  rt_memcpy_w.o(.text)
    __aeabi_memcpy8                          0x08000469   Thumb Code     0  rt_memcpy_w.o(.text)
    __rt_memcpy_w                            0x08000469   Thumb Code   100  rt_memcpy_w.o(.text)
    _memcpy_lastbytes_aligned                0x080004b1   Thumb Code     0  rt_memcpy_w.o(.text)
    __aeabi_memclr4                          0x080004cd   Thumb Code     0  rt_memclr_w.o(.text)
    __aeabi_memclr8                          0x080004cd   Thumb Code     0  rt_memclr_w.o(.text)
    __rt_memclr_w                            0x080004cd   Thumb Code     0  rt_memclr_w.o(.text)
    _memset_w                                0x080004d1   Thumb Code    74  rt_memclr_w.o(.text)
    __use_two_region_memory                  0x0800051b   Thumb Code     2  heapauxi.o(.text)
    __rt_heap_escrow                         0x0800051d   Thumb Code     2  heapauxi.o(.text)
    __rt_heap_expand                         0x0800051f   Thumb Code     2  heapauxi.o(.text)
    __cpp_initialize__aeabi_                 0x08000521   Thumb Code    36  init_aeabi.o(.text)
    malloc                                   0x0800054d   Thumb Code    94  h1_alloc.o(.text)
    free                                     0x080005ab   Thumb Code    78  h1_free.o(.text)
    posix_memalign                           0x080005f9   Thumb Code   174  h1_memalign.o(.text)
    vfprintf                                 0x080006a7   Thumb Code    10  vfprintf.o(.text)
    abort                                    0x080006b1   Thumb Code    22  abort.o(.text)
    _sys_exit                                0x080006c9   Thumb Code     8  sys_exit.o(.text)
    __rt_heap_descriptor                     0x080006d5   Thumb Code     8  rt_heap_descriptor_intlibspace.o(.text)
    __use_no_heap                            0x080006dd   Thumb Code     2  hguard.o(.text)
    __heap$guard                             0x080006df   Thumb Code     2  hguard.o(.text)
    _terminate_user_alloc                    0x080006e1   Thumb Code     2  init_alloc.o(.text)
    _init_user_alloc                         0x080006e3   Thumb Code     2  init_alloc.o(.text)
    __Heap_Full                              0x080006e5   Thumb Code    34  init_alloc.o(.text)
    __Heap_Broken                            0x08000707   Thumb Code     6  init_alloc.o(.text)
    _init_alloc                              0x0800070d   Thumb Code    94  init_alloc.o(.text)
    __Heap_Initialize                        0x0800076b   Thumb Code     8  h1_init.o(.text)
    __Heap_DescSize                          0x08000773   Thumb Code     4  h1_init.o(.text)
    _printf_pre_padding                      0x08000777   Thumb Code    44  _printf_pad.o(.text)
    _printf_post_padding                     0x080007a3   Thumb Code    34  _printf_pad.o(.text)
    _printf_truncate_signed                  0x080007c5   Thumb Code    18  _printf_truncate.o(.text)
    _printf_truncate_unsigned                0x080007d7   Thumb Code    18  _printf_truncate.o(.text)
    _printf_str                              0x080007e9   Thumb Code    82  _printf_str.o(.text)
    _printf_int_dec                          0x0800083d   Thumb Code   104  _printf_dec.o(.text)
    _printf_charcount                        0x080008b5   Thumb Code    40  _printf_charcount.o(.text)
    _printf_char_file                        0x080008dd   Thumb Code    32  _printf_char_file.o(.text)
    _printf_wctomb                           0x08000901   Thumb Code   182  _printf_wctomb.o(.text)
    _printf_longlong_dec                     0x080009bd   Thumb Code   108  _printf_longlong_dec.o(.text)
    _printf_longlong_oct                     0x08000a39   Thumb Code    68  _printf_oct_int_ll.o(.text)
    _printf_int_oct                          0x08000a7d   Thumb Code    24  _printf_oct_int_ll.o(.text)
    _printf_ll_oct                           0x08000a95   Thumb Code    12  _printf_oct_int_ll.o(.text)
    _printf_longlong_hex                     0x08000aa9   Thumb Code    86  _printf_hex_int_ll_ptr.o(.text)
    _printf_int_hex                          0x08000aff   Thumb Code    28  _printf_hex_int_ll_ptr.o(.text)
    _printf_ll_hex                           0x08000b1b   Thumb Code    12  _printf_hex_int_ll_ptr.o(.text)
    _printf_hex_ptr                          0x08000b27   Thumb Code    18  _printf_hex_int_ll_ptr.o(.text)
    __printf                                 0x08000b3d   Thumb Code   388  __printf_flags_ss_wp.o(.text)
    _initio                                  0x08000cc5   Thumb Code   210  initio.o(.text)
    _terminateio                             0x08000d97   Thumb Code    56  initio.o(.text)
    __rt_SIGABRT                             0x08000dfd   Thumb Code    14  defsig_abrt_outer.o(.text)
    __user_libspace                          0x08000e0d   Thumb Code     8  libspace.o(.text)
    __user_perproc_libspace                  0x08000e0d   Thumb Code     0  libspace.o(.text)
    __user_perthread_libspace                0x08000e0d   Thumb Code     0  libspace.o(.text)
    __I$use$semihosting                      0x08000e15   Thumb Code     0  use_no_semi.o(.text)
    __use_no_semihosting_swi                 0x08000e15   Thumb Code     2  use_no_semi.o(.text)
    __semihosting_library_function           0x08000e17   Thumb Code     0  indicate_semi.o(.text)
    __user_setup_stackheap                   0x08000e17   Thumb Code    74  sys_stackheap_outer.o(.text)
    __Heap_ProvideMemory                     0x08000e61   Thumb Code    52  h1_extend.o(.text)
    _maybe_terminate_alloc                   0x08000e61   Thumb Code     0  maybetermalloc1.o(.text)
    _ll_udiv10                               0x08000e95   Thumb Code   138  lludiv10.o(.text)
    _printf_int_common                       0x08000f1f   Thumb Code   178  _printf_intcommon.o(.text)
    _printf_fp_dec_real                      0x08001181   Thumb Code   620  _printf_fp_dec.o(.text)
    _printf_fp_hex_real                      0x080013ed   Thumb Code   756  _printf_fp_hex.o(.text)
    _printf_char_common                      0x080016f3   Thumb Code    32  _printf_char_common.o(.text)
    _printf_cs_common                        0x08001719   Thumb Code    20  _printf_char.o(.text)
    _printf_char                             0x0800172d   Thumb Code    16  _printf_char.o(.text)
    _printf_string                           0x0800173d   Thumb Code     8  _printf_char.o(.text)
    _printf_lcs_common                       0x08001745   Thumb Code    20  _printf_wchar.o(.text)
    _printf_wchar                            0x08001759   Thumb Code    16  _printf_wchar.o(.text)
    _printf_wstring                          0x08001769   Thumb Code     8  _printf_wchar.o(.text)
    ferror                                   0x08001771   Thumb Code     8  ferror.o(.text)
    setvbuf                                  0x08001779   Thumb Code    70  setvbuf.o(.text)
    freopen                                  0x080017c1   Thumb Code   160  fopen.o(.text)
    fopen                                    0x08001861   Thumb Code    74  fopen.o(.text)
    _fclose_internal                         0x080018b1   Thumb Code    76  fclose.o(.text)
    fclose                                   0x080018b1   Thumb Code     0  fclose.o(.text)
    _c16rtomb                                0x080018fd   Thumb Code    72  _c16rtomb.o(.text)
    _wcrtomb                                 0x080018fd   Thumb Code     0  _c16rtomb.o(.text)
    exit                                     0x08001945   Thumb Code    18  exit.o(.text)
    __sig_exit                               0x08001957   Thumb Code    10  defsig_exit.o(.text)
    __rt_SIGABRT_inner                       0x08001961   Thumb Code    14  defsig_abrt_inner.o(.text)
    __rt_SIGRTRED                            0x08001991   Thumb Code    14  defsig_rtred_outer.o(.text)
    __rt_SIGRTMEM                            0x0800199f   Thumb Code    14  defsig_rtmem_outer.o(.text)
    _sys_open                                0x080019ad   Thumb Code    20  sys_io.o(.text)
    _sys_close                               0x080019c1   Thumb Code    12  sys_io.o(.text)
    _sys_write                               0x080019cd   Thumb Code    16  sys_io.o(.text)
    _sys_read                                0x080019dd   Thumb Code    14  sys_io.o(.text)
    _sys_istty                               0x080019eb   Thumb Code    12  sys_io.o(.text)
    _sys_seek                                0x080019f7   Thumb Code    14  sys_io.o(.text)
    _sys_ensure                              0x08001a05   Thumb Code     2  sys_io.o(.text)
    _sys_flen                                0x08001a07   Thumb Code    12  sys_io.o(.text)
    __rt_ctype_table                         0x08001a15   Thumb Code    16  rt_ctype_table.o(.text)
    __rt_locale                              0x08001a25   Thumb Code     8  rt_locale_intlibspace.o(.text)
    _printf_fp_infnan                        0x08001a2d   Thumb Code   112  _printf_fp_infnan.o(.text)
    _btod_etento                             0x08001aad   Thumb Code   224  bigflt0.o(.text)
    __flsbuf                                 0x08001b91   Thumb Code   482  flsbuf.o(.text)
    __flsbuf_byte                            0x08001b91   Thumb Code     0  flsbuf.o(.text)
    __flsbuf_wide                            0x08001b91   Thumb Code     0  flsbuf.o(.text)
    _fseek                                   0x08001d75   Thumb Code   242  fseek.o(.text)
    fseek                                    0x08001d75   Thumb Code     0  fseek.o(.text)
    _seterr                                  0x08001e6d   Thumb Code    20  stdio.o(.text)
    _writebuf                                0x08001e81   Thumb Code   108  stdio.o(.text)
    _fflush                                  0x08001eed   Thumb Code    70  stdio.o(.text)
    _deferredlazyseek                        0x08001f33   Thumb Code    60  stdio.o(.text)
    __default_signal_display                 0x08001f75   Thumb Code    50  defsig_general.o(.text)
    __rt_SIGRTRED_inner                      0x08001fa9   Thumb Code    14  defsig_rtred_inner.o(.text)
    __rt_SIGRTMEM_inner                      0x08001fdd   Thumb Code    22  defsig_rtmem_inner.o(.text)
    _ttywrch                                 0x0800202d   Thumb Code    14  sys_wrch.o(.text)
    _ftell_internal                          0x0800203b   Thumb Code    66  ftell.o(.text)
    ftell                                    0x0800203b   Thumb Code     0  ftell.o(.text)
    strlen                                   0x0800207d   Thumb Code    62  strlen.o(.text)
    strcmp                                   0x080020c1   Thumb Code   124  strcmpv7em.o(.text)
    __aeabi_errno_addr                       0x0800213d   Thumb Code     8  rt_errno_addr_intlibspace.o(.text)
    __errno$intlibspace                      0x0800213d   Thumb Code     0  rt_errno_addr_intlibspace.o(.text)
    __rt_errno_addr$intlibspace              0x0800213d   Thumb Code     0  rt_errno_addr_intlibspace.o(.text)
    BusFault_Handler                         0x08002145   Thumb Code     2  stm32f4xx_it.o(.text.BusFault_Handler)
    CAN1_RX0_IRQHandler                      0x08002149   Thumb Code    12  stm32f4xx_it.o(.text.CAN1_RX0_IRQHandler)
    CAN1_RX1_IRQHandler                      0x08002155   Thumb Code    12  stm32f4xx_it.o(.text.CAN1_RX1_IRQHandler)
    DMA2_Stream1_IRQHandler                  0x08002161   Thumb Code    12  stm32f4xx_it.o(.text.DMA2_Stream1_IRQHandler)
    DMA2_Stream6_IRQHandler                  0x0800216d   Thumb Code    12  stm32f4xx_it.o(.text.DMA2_Stream6_IRQHandler)
    DebugMon_Handler                         0x08002179   Thumb Code     2  stm32f4xx_it.o(.text.DebugMon_Handler)
    Error_Handler                            0x0800217d   Thumb Code     6  main.o(.text.Error_Handler)
    HAL_CAN_ActivateNotification             0x08002185   Thumb Code    46  stm32f4xx_hal_can.o(.text.HAL_CAN_ActivateNotification)
    HAL_CAN_AddTxMessage                     0x080021b5   Thumb Code   164  stm32f4xx_hal_can.o(.text.HAL_CAN_AddTxMessage)
    HAL_CAN_ConfigFilter                     0x08002259   Thumb Code   222  stm32f4xx_hal_can.o(.text.HAL_CAN_ConfigFilter)
    HAL_CAN_ErrorCallback                    0x08002339   Thumb Code     2  stm32f4xx_hal_can.o(.text.HAL_CAN_ErrorCallback)
    HAL_CAN_GetRxMessage                     0x0800233d   Thumb Code   302  stm32f4xx_hal_can.o(.text.HAL_CAN_GetRxMessage)
    HAL_CAN_IRQHandler                       0x0800246d   Thumb Code   606  stm32f4xx_hal_can.o(.text.HAL_CAN_IRQHandler)
    HAL_CAN_Init                             0x080026cd   Thumb Code   244  stm32f4xx_hal_can.o(.text.HAL_CAN_Init)
    HAL_CAN_MspInit                          0x080027c1   Thumb Code   146  can.o(.text.HAL_CAN_MspInit)
    HAL_CAN_RxFifo0FullCallback              0x08002855   Thumb Code     2  stm32f4xx_hal_can.o(.text.HAL_CAN_RxFifo0FullCallback)
    HAL_CAN_RxFifo0MsgPendingCallback        0x08002859   Thumb Code   124  callback.o(.text.HAL_CAN_RxFifo0MsgPendingCallback)
    HAL_CAN_RxFifo1FullCallback              0x080028d5   Thumb Code     2  stm32f4xx_hal_can.o(.text.HAL_CAN_RxFifo1FullCallback)
    HAL_CAN_RxFifo1MsgPendingCallback        0x080028d9   Thumb Code     2  stm32f4xx_hal_can.o(.text.HAL_CAN_RxFifo1MsgPendingCallback)
    HAL_CAN_SleepCallback                    0x080028dd   Thumb Code     2  stm32f4xx_hal_can.o(.text.HAL_CAN_SleepCallback)
    HAL_CAN_Start                            0x080028e1   Thumb Code    90  stm32f4xx_hal_can.o(.text.HAL_CAN_Start)
    HAL_CAN_TxMailbox0AbortCallback          0x0800293d   Thumb Code     2  stm32f4xx_hal_can.o(.text.HAL_CAN_TxMailbox0AbortCallback)
    HAL_CAN_TxMailbox0CompleteCallback       0x08002941   Thumb Code     2  stm32f4xx_hal_can.o(.text.HAL_CAN_TxMailbox0CompleteCallback)
    HAL_CAN_TxMailbox1AbortCallback          0x08002945   Thumb Code     2  stm32f4xx_hal_can.o(.text.HAL_CAN_TxMailbox1AbortCallback)
    HAL_CAN_TxMailbox1CompleteCallback       0x08002949   Thumb Code     2  stm32f4xx_hal_can.o(.text.HAL_CAN_TxMailbox1CompleteCallback)
    HAL_CAN_TxMailbox2AbortCallback          0x0800294d   Thumb Code     2  stm32f4xx_hal_can.o(.text.HAL_CAN_TxMailbox2AbortCallback)
    HAL_CAN_TxMailbox2CompleteCallback       0x08002951   Thumb Code     2  stm32f4xx_hal_can.o(.text.HAL_CAN_TxMailbox2CompleteCallback)
    HAL_CAN_WakeUpFromRxMsgCallback          0x08002955   Thumb Code     2  stm32f4xx_hal_can.o(.text.HAL_CAN_WakeUpFromRxMsgCallback)
    HAL_DMA_Abort                            0x08002959   Thumb Code   142  stm32f4xx_hal_dma.o(.text.HAL_DMA_Abort)
    HAL_DMA_Abort_IT                         0x080029e9   Thumb Code    36  stm32f4xx_hal_dma.o(.text.HAL_DMA_Abort_IT)
    HAL_DMA_IRQHandler                       0x08002a0d   Thumb Code   452  stm32f4xx_hal_dma.o(.text.HAL_DMA_IRQHandler)
    HAL_DMA_Init                             0x08002bd1   Thumb Code   354  stm32f4xx_hal_dma.o(.text.HAL_DMA_Init)
    HAL_DMA_Start_IT                         0x08002d35   Thumb Code   162  stm32f4xx_hal_dma.o(.text.HAL_DMA_Start_IT)
    HAL_Delay                                0x08002dd9   Thumb Code    40  stm32f4xx_hal.o(.text.HAL_Delay)
    HAL_GPIO_Init                            0x08002e01   Thumb Code   414  stm32f4xx_hal_gpio.o(.text.HAL_GPIO_Init)
    HAL_GPIO_WritePin                        0x08002fa1   Thumb Code    10  stm32f4xx_hal_gpio.o(.text.HAL_GPIO_WritePin)
    HAL_GetTick                              0x08002fad   Thumb Code    12  stm32f4xx_hal.o(.text.HAL_GetTick)
    HAL_IncTick                              0x08002fb9   Thumb Code    26  stm32f4xx_hal.o(.text.HAL_IncTick)
    HAL_Init                                 0x08002fd5   Thumb Code    54  stm32f4xx_hal.o(.text.HAL_Init)
    HAL_InitTick                             0x0800300d   Thumb Code    72  stm32f4xx_hal.o(.text.HAL_InitTick)
    HAL_MspInit                              0x08003055   Thumb Code    56  stm32f4xx_hal_msp.o(.text.HAL_MspInit)
    HAL_NVIC_EnableIRQ                       0x0800308d   Thumb Code    34  stm32f4xx_hal_cortex.o(.text.HAL_NVIC_EnableIRQ)
    HAL_NVIC_SetPriority                     0x080030b1   Thumb Code    86  stm32f4xx_hal_cortex.o(.text.HAL_NVIC_SetPriority)
    HAL_NVIC_SetPriorityGrouping             0x08003109   Thumb Code    32  stm32f4xx_hal_cortex.o(.text.HAL_NVIC_SetPriorityGrouping)
    HAL_PWREx_EnableOverDrive                0x08003129   Thumb Code   122  stm32f4xx_hal_pwr_ex.o(.text.HAL_PWREx_EnableOverDrive)
    HAL_RCC_ClockConfig                      0x080031a5   Thumb Code   356  stm32f4xx_hal_rcc.o(.text.HAL_RCC_ClockConfig)
    HAL_RCC_GetPCLK1Freq                     0x08003309   Thumb Code    38  stm32f4xx_hal_rcc.o(.text.HAL_RCC_GetPCLK1Freq)
    HAL_RCC_GetPCLK2Freq                     0x08003331   Thumb Code    38  stm32f4xx_hal_rcc.o(.text.HAL_RCC_GetPCLK2Freq)
    HAL_RCC_GetSysClockFreq                  0x08003359   Thumb Code   106  stm32f4xx_hal_rcc.o(.text.HAL_RCC_GetSysClockFreq)
    HAL_RCC_OscConfig                        0x080033c5   Thumb Code   940  stm32f4xx_hal_rcc.o(.text.HAL_RCC_OscConfig)
    HAL_SYSTICK_Config                       0x08003771   Thumb Code    44  stm32f4xx_hal_cortex.o(.text.HAL_SYSTICK_Config)
    HAL_UARTEx_RxEventCallback               0x0800379d   Thumb Code     2  stm32f4xx_hal_uart.o(.text.HAL_UARTEx_RxEventCallback)
    HAL_UART_ErrorCallback                   0x080037a1   Thumb Code     2  stm32f4xx_hal_uart.o(.text.HAL_UART_ErrorCallback)
    HAL_UART_IRQHandler                      0x080037a5   Thumb Code  1392  stm32f4xx_hal_uart.o(.text.HAL_UART_IRQHandler)
    HAL_UART_Init                            0x08003d15   Thumb Code    96  stm32f4xx_hal_uart.o(.text.HAL_UART_Init)
    HAL_UART_MspInit                         0x08003d75   Thumb Code   262  usart.o(.text.HAL_UART_MspInit)
    HAL_UART_RxCpltCallback                  0x08003e7d   Thumb Code     2  stm32f4xx_hal_uart.o(.text.HAL_UART_RxCpltCallback)
    HAL_UART_Transmit_DMA                    0x08003e81   Thumb Code   188  stm32f4xx_hal_uart.o(.text.HAL_UART_Transmit_DMA)
    HAL_UART_TxCpltCallback                  0x08003f3d   Thumb Code     2  stm32f4xx_hal_uart.o(.text.HAL_UART_TxCpltCallback)
    HAL_UART_TxHalfCpltCallback              0x08003f41   Thumb Code     2  stm32f4xx_hal_uart.o(.text.HAL_UART_TxHalfCpltCallback)
    HardFault_Handler                        0x08003f45   Thumb Code     2  stm32f4xx_it.o(.text.HardFault_Handler)
    MX_CAN1_Init                             0x08003f49   Thumb Code    70  can.o(.text.MX_CAN1_Init)
    MX_DMA_Init                              0x08003f91   Thumb Code    72  dma.o(.text.MX_DMA_Init)
    MX_GPIO_Init                             0x08003fd9   Thumb Code   170  gpio.o(.text.MX_GPIO_Init)
    MX_USART6_UART_Init                      0x08004085   Thumb Code    60  usart.o(.text.MX_USART6_UART_Init)
    MemManage_Handler                        0x080040c1   Thumb Code     2  stm32f4xx_it.o(.text.MemManage_Handler)
    NMI_Handler                              0x080040c5   Thumb Code     2  stm32f4xx_it.o(.text.NMI_Handler)
    PendSV_Handler                           0x080040c9   Thumb Code     2  stm32f4xx_it.o(.text.PendSV_Handler)
    SVC_Handler                              0x080040cd   Thumb Code     2  stm32f4xx_it.o(.text.SVC_Handler)
    SysTick_Handler                          0x080040d1   Thumb Code     4  stm32f4xx_it.o(.text.SysTick_Handler)
    SystemClock_Config                       0x080040d5   Thumb Code   188  main.o(.text.SystemClock_Config)
    SystemInit                               0x08004191   Thumb Code    18  system_stm32f4xx.o(.text.SystemInit)
    USART6_IRQHandler                        0x080045cd   Thumb Code    12  stm32f4xx_it.o(.text.USART6_IRQHandler)
    UsageFault_Handler                       0x080045d9   Thumb Code     2  stm32f4xx_it.o(.text.UsageFault_Handler)
    M3508_Motor::canRxMsgCallback(unsigned char*) 0x0800465d   Thumb Code   156  motor.o(.text._ZN11M3508_Motor16canRxMsgCallbackEPh)
    M3508_Motor::Get_motor_message()         0x08004705   Thumb Code   552  motor.o(.text._ZN11M3508_Motor17Get_motor_messageEv)
    M3508_Motor::M3508_Motor()               0x0800492d   Thumb Code    36  motor.o(.text._ZN11M3508_MotorC2Ev)
    M3508_Motor::M3508_Motor__sub_object()   0x0800492d   Thumb Code    36  motor.o(.text._ZN11M3508_MotorC2Ev)
    std::__2::vector<float, std::__2::allocator<float>>::__throw_length_error[abi:nn190000]() const 0x08004951   Thumb Code     8  motor.o(.text._ZNKSt3__26vectorIfNS_9allocatorIfEEE20__throw_length_errorB8nn190000Ev)
    std::__2::__throw_length_error[abi:nn190000](char const*) 0x08004961   Thumb Code    14  motor.o(.text._ZNSt3__220__throw_length_errorB8nn190000EPKc)
    std::__2::__libcpp_verbose_abort(char const*, ...) 0x0800496f   Thumb Code    30  verbose_abort.cpp.o(.text._ZNSt3__222__libcpp_verbose_abortEPKcz)
    std::get_new_handler()                   0x0800498d   Thumb Code    12  cxa_handlers.cpp.o(.text._ZSt15get_new_handlerv)
    std::__throw_bad_alloc()                 0x08004999   Thumb Code     8  new_helpers.cpp.o(.text._ZSt17__throw_bad_allocv)
    std::__throw_bad_array_new_length[abi:nn190000]() 0x080049d1   Thumb Code     8  motor.o(.text._ZSt28__throw_bad_array_new_lengthB8nn190000v)
    operator delete(void*)                   0x08004a11   Thumb Code     4  new.cpp.o(.text._ZdlPv)
    main                                     0x08004a15   Thumb Code   118  main.o(.text.main)
    _btod_d2e                                0x08004a8b   Thumb Code    62  btod.o(CL$$btod_d2e)
    _d2e_denorm_low                          0x08004ac9   Thumb Code    70  btod.o(CL$$btod_d2e_denorm_low)
    _d2e_norm_op1                            0x08004b0f   Thumb Code    96  btod.o(CL$$btod_d2e_norm_op1)
    __btod_div_common                        0x08004b71   Thumb Code   696  btod.o(CL$$btod_div_common)
    _e2e                                     0x08004ea9   Thumb Code   220  btod.o(CL$$btod_e2e)
    _btod_ediv                               0x08004f85   Thumb Code    42  btod.o(CL$$btod_ediv)
    _btod_emul                               0x08004faf   Thumb Code    42  btod.o(CL$$btod_emul)
    __btod_mult_common                       0x08004fd9   Thumb Code   580  btod.o(CL$$btod_mult_common)
    operator new(unsigned int)               0x0800521d   Thumb Code    14  new.cpp.o(__lcxx_override)
    __lcxx_override$$Base                    0x0800521c   Number         0  new.cpp.o(__lcxx_override)
    operator new[](unsigned int)             0x0800522b   Thumb Code     4  new.cpp.o(__lcxx_override)
    operator new(unsigned int, std::align_val_t) 0x0800522f   Thumb Code    14  new.cpp.o(__lcxx_override)
    operator new[](unsigned int, std::align_val_t) 0x0800523d   Thumb Code     4  new.cpp.o(__lcxx_override)
    __ARM_fpclassify                         0x08005241   Thumb Code    48  fpclassify.o(i.__ARM_fpclassify)
    __lcxx_override$$Limit                   0x08005240   Number         0  new.cpp.o(__lcxx_override)
    _is_digit                                0x08005271   Thumb Code    14  __printf_wp.o(i._is_digit)
    fputc                                    0x0800527f   Thumb Code    28  fputc.o(i.fputc)
    _get_lc_numeric                          0x0800529d   Thumb Code    44  lc_numeric_c.o(locale$$code)
    _get_lc_ctype                            0x080052c9   Thumb Code    44  lc_ctype_c.o(locale$$code)
    _fp_init                                 0x080052f5   Thumb Code    26  fpinit.o(x$fpl$fpinit)
    __fplib_config_fpu_vfp                   0x0800530d   Thumb Code     0  fpinit.o(x$fpl$fpinit)
    __fplib_config_pureend_doubles           0x0800530d   Thumb Code     0  fpinit.o(x$fpl$fpinit)
    _printf_fp_dec                           0x0800530f   Thumb Code     4  printf1.o(x$fpl$printf1)
    _printf_fp_hex                           0x08005313   Thumb Code     4  printf2.o(x$fpl$printf2)
    __I$use$fp                               0x08005316   Number         0  usenofp.o(x$fpl$usenofp)
    __stdin_name                             0x08005359   Data           4  sys_io_names.o(.constdata)
    __stdout_name                            0x0800535d   Data           4  sys_io_names.o(.constdata)
    __stderr_name                            0x08005361   Data           4  sys_io_names.o(.constdata)
    AHBPrescTable                            0x08005420   Data          16  system_stm32f4xx.o(.rodata.AHBPrescTable)
    APBPrescTable                            0x08005430   Data           8  system_stm32f4xx.o(.rodata.APBPrescTable)
    Region$$Table$$Base                      0x08005484   Number         0  anon$$obj.o(Region$$Table)
    Region$$Table$$Limit                     0x080054a4   Number         0  anon$$obj.o(Region$$Table)
    __ctype                                  0x080054cd   Data           0  lc_ctype_c.o(locale$$data)
    SHT$$INIT_ARRAY$$Base                    0x080055d0   Number         0  callback.o(.init_array)
    SHT$$INIT_ARRAY$$Limit                   0x080055d4   Number         0  init_aeabi.o(.init_array)
    __aeabi_stdin                            0x20000000   Data           4  stdio_streams.o(.data)
    __aeabi_stdout                           0x20000004   Data           4  stdio_streams.o(.data)
    __aeabi_stderr                           0x20000008   Data           4  stdio_streams.o(.data)
    TxMailbox                                0x2000000c   Data           4  main.o(.data..L_MergedGlobals)
    TxData                                   0x20000010   Data           8  main.o(.data..L_MergedGlobals)
    TxHeader                                 0x20000018   Data          24  main.o(.data..L_MergedGlobals)
    uwTickFreq                               0x20000030   Data           1  stm32f4xx_hal.o(.data..L_MergedGlobals)
    uwTickPrio                               0x20000034   Data           4  stm32f4xx_hal.o(.data..L_MergedGlobals)
    SystemCoreClock                          0x20000038   Data           4  system_stm32f4xx.o(.data.SystemCoreClock)
    __stdin                                  0x20000040   Data          84  stdio_streams.o(.bss)
    __stdout                                 0x20000094   Data          84  stdio_streams.o(.bss)
    __stderr                                 0x200000e8   Data          84  stdio_streams.o(.bss)
    __libspace_start                         0x2000013c   Data          96  libspace.o(.bss)
    RxData                                   0x2000019c   Data           8  main.o(.bss.RxData)
    __temporary_stack_top$libspace           0x2000019c   Data           0  libspace.o(.bss)
    RxHeader                                 0x200001a4   Data          28  main.o(.bss.RxHeader)
    __cxa_new_handler                        0x200001c0   Data           4  cxa_default_handlers.cpp.o(.bss.__cxa_new_handler)
    hcan1                                    0x200001c4   Data          40  can.o(.bss.hcan1)
    hdma_usart6_rx                           0x200001ec   Data          96  usart.o(.bss.hdma_usart6_rx)
    hdma_usart6_tx                           0x2000024c   Data          96  usart.o(.bss.hdma_usart6_tx)
    huart6                                   0x200002ac   Data          72  usart.o(.bss.huart6)
    motor                                    0x200002f4   Data          36  callback.o(.bss.motor)
    uwTick                                   0x20000318   Data           4  stm32f4xx_hal.o(.bss.uwTick)



==============================================================================

Memory Map of the image

  Image Entry point : 0x080001ad

  Load Region LR_IROM1 (Base: 0x08000000, Size: 0x00005618, Max: 0x00200000, ABSOLUTE)

    Execution Region ER_IROM1 (Exec base: 0x08000000, Load base: 0x08000000, Size: 0x000055d4, Max: 0x00200000, ABSOLUTE)

    Exec Addr    Load Addr    Size         Type   Attr      Idx    E Section Name        Object

    0x08000000   0x08000000   0x000001ac   Data   RO            3    RESET               startup_stm32f427xx.o
    0x080001ac   0x080001ac   0x00000008   Code   RO          796  * !!!main             c_w.l(__main.o)
    0x080001b4   0x080001b4   0x0000005c   Code   RO         1426    !!!scatter          c_w.l(__scatter.o)
    0x08000210   0x08000210   0x0000001a   Code   RO         1430    !!handler_copy      c_w.l(__scatter_copy.o)
    0x0800022a   0x0800022a   0x00000002   PAD
    0x0800022c   0x0800022c   0x00000002   Code   RO         1427    !!handler_null      c_w.l(__scatter.o)
    0x0800022e   0x0800022e   0x00000002   PAD
    0x08000230   0x08000230   0x0000001c   Code   RO         1432    !!handler_zi        c_w.l(__scatter_zi.o)
    0x0800024c   0x0800024c   0x00000000   Code   RO         1126    .ARM.Collect$$_printf_percent$$00000000  c_w.l(_printf_percent.o)
    0x0800024c   0x0800024c   0x00000006   Code   RO         1115    .ARM.Collect$$_printf_percent$$00000001  c_w.l(_printf_n.o)
    0x08000252   0x08000252   0x00000006   Code   RO         1117    .ARM.Collect$$_printf_percent$$00000002  c_w.l(_printf_p.o)
    0x08000258   0x08000258   0x00000006   Code   RO         1122    .ARM.Collect$$_printf_percent$$00000003  c_w.l(_printf_f.o)
    0x0800025e   0x0800025e   0x00000006   Code   RO         1123    .ARM.Collect$$_printf_percent$$00000004  c_w.l(_printf_e.o)
    0x08000264   0x08000264   0x00000006   Code   RO         1124    .ARM.Collect$$_printf_percent$$00000005  c_w.l(_printf_g.o)
    0x0800026a   0x0800026a   0x00000006   Code   RO         1125    .ARM.Collect$$_printf_percent$$00000006  c_w.l(_printf_a.o)
    0x08000270   0x08000270   0x0000000a   Code   RO         1130    .ARM.Collect$$_printf_percent$$00000007  c_w.l(_printf_ll.o)
    0x0800027a   0x0800027a   0x00000006   Code   RO         1119    .ARM.Collect$$_printf_percent$$00000008  c_w.l(_printf_i.o)
    0x08000280   0x08000280   0x00000006   Code   RO         1120    .ARM.Collect$$_printf_percent$$00000009  c_w.l(_printf_d.o)
    0x08000286   0x08000286   0x00000006   Code   RO         1121    .ARM.Collect$$_printf_percent$$0000000A  c_w.l(_printf_u.o)
    0x0800028c   0x0800028c   0x00000006   Code   RO         1118    .ARM.Collect$$_printf_percent$$0000000B  c_w.l(_printf_o.o)
    0x08000292   0x08000292   0x00000006   Code   RO         1116    .ARM.Collect$$_printf_percent$$0000000C  c_w.l(_printf_x.o)
    0x08000298   0x08000298   0x00000006   Code   RO         1127    .ARM.Collect$$_printf_percent$$0000000D  c_w.l(_printf_lli.o)
    0x0800029e   0x0800029e   0x00000006   Code   RO         1128    .ARM.Collect$$_printf_percent$$0000000E  c_w.l(_printf_lld.o)
    0x080002a4   0x080002a4   0x00000006   Code   RO         1129    .ARM.Collect$$_printf_percent$$0000000F  c_w.l(_printf_llu.o)
    0x080002aa   0x080002aa   0x00000006   Code   RO         1134    .ARM.Collect$$_printf_percent$$00000010  c_w.l(_printf_llo.o)
    0x080002b0   0x080002b0   0x00000006   Code   RO         1135    .ARM.Collect$$_printf_percent$$00000011  c_w.l(_printf_llx.o)
    0x080002b6   0x080002b6   0x0000000a   Code   RO         1131    .ARM.Collect$$_printf_percent$$00000012  c_w.l(_printf_l.o)
    0x080002c0   0x080002c0   0x00000006   Code   RO         1113    .ARM.Collect$$_printf_percent$$00000013  c_w.l(_printf_c.o)
    0x080002c6   0x080002c6   0x00000006   Code   RO         1114    .ARM.Collect$$_printf_percent$$00000014  c_w.l(_printf_s.o)
    0x080002cc   0x080002cc   0x00000006   Code   RO         1132    .ARM.Collect$$_printf_percent$$00000015  c_w.l(_printf_lc.o)
    0x080002d2   0x080002d2   0x00000006   Code   RO         1133    .ARM.Collect$$_printf_percent$$00000016  c_w.l(_printf_ls.o)
    0x080002d8   0x080002d8   0x00000004   Code   RO         1215    .ARM.Collect$$_printf_percent$$00000017  c_w.l(_printf_percent_end.o)
    0x080002dc   0x080002dc   0x00000002   Code   RO         1269    .ARM.Collect$$libinit$$00000000  c_w.l(libinit.o)
    0x080002de   0x080002de   0x00000004   Code   RO          929    .ARM.Collect$$libinit$$00000001  c_w.l(libinit2.o)
    0x080002e2   0x080002e2   0x00000000   Code   RO          932    .ARM.Collect$$libinit$$00000004  c_w.l(libinit2.o)
    0x080002e2   0x080002e2   0x00000000   Code   RO          934    .ARM.Collect$$libinit$$00000006  c_w.l(libinit2.o)
    0x080002e2   0x080002e2   0x00000008   Code   RO          935    .ARM.Collect$$libinit$$00000007  c_w.l(libinit2.o)
    0x080002ea   0x080002ea   0x00000000   Code   RO          937    .ARM.Collect$$libinit$$0000000C  c_w.l(libinit2.o)
    0x080002ea   0x080002ea   0x00000000   Code   RO          939    .ARM.Collect$$libinit$$0000000E  c_w.l(libinit2.o)
    0x080002ea   0x080002ea   0x00000000   Code   RO          941    .ARM.Collect$$libinit$$00000010  c_w.l(libinit2.o)
    0x080002ea   0x080002ea   0x00000006   Code   RO          942    .ARM.Collect$$libinit$$00000011  c_w.l(libinit2.o)
    0x080002f0   0x080002f0   0x00000000   Code   RO          944    .ARM.Collect$$libinit$$00000013  c_w.l(libinit2.o)
    0x080002f0   0x080002f0   0x0000000c   Code   RO          945    .ARM.Collect$$libinit$$00000014  c_w.l(libinit2.o)
    0x080002fc   0x080002fc   0x00000000   Code   RO          946    .ARM.Collect$$libinit$$00000015  c_w.l(libinit2.o)
    0x080002fc   0x080002fc   0x00000000   Code   RO          948    .ARM.Collect$$libinit$$00000017  c_w.l(libinit2.o)
    0x080002fc   0x080002fc   0x0000000a   Code   RO          949    .ARM.Collect$$libinit$$00000018  c_w.l(libinit2.o)
    0x08000306   0x08000306   0x00000000   Code   RO          950    .ARM.Collect$$libinit$$00000019  c_w.l(libinit2.o)
    0x08000306   0x08000306   0x00000000   Code   RO          952    .ARM.Collect$$libinit$$0000001B  c_w.l(libinit2.o)
    0x08000306   0x08000306   0x00000000   Code   RO          954    .ARM.Collect$$libinit$$0000001D  c_w.l(libinit2.o)
    0x08000306   0x08000306   0x00000000   Code   RO          956    .ARM.Collect$$libinit$$0000001F  c_w.l(libinit2.o)
    0x08000306   0x08000306   0x00000000   Code   RO          958    .ARM.Collect$$libinit$$00000021  c_w.l(libinit2.o)
    0x08000306   0x08000306   0x00000000   Code   RO          960    .ARM.Collect$$libinit$$00000023  c_w.l(libinit2.o)
    0x08000306   0x08000306   0x00000000   Code   RO          962    .ARM.Collect$$libinit$$00000025  c_w.l(libinit2.o)
    0x08000306   0x08000306   0x00000004   Code   RO          963    .ARM.Collect$$libinit$$00000026  c_w.l(libinit2.o)
    0x0800030a   0x0800030a   0x00000000   Code   RO          964    .ARM.Collect$$libinit$$00000027  c_w.l(libinit2.o)
    0x0800030a   0x0800030a   0x00000000   Code   RO          968    .ARM.Collect$$libinit$$0000002E  c_w.l(libinit2.o)
    0x0800030a   0x0800030a   0x00000000   Code   RO          970    .ARM.Collect$$libinit$$00000030  c_w.l(libinit2.o)
    0x0800030a   0x0800030a   0x00000000   Code   RO          972    .ARM.Collect$$libinit$$00000032  c_w.l(libinit2.o)
    0x0800030a   0x0800030a   0x00000004   Code   RO          973    .ARM.Collect$$libinit$$00000033  c_w.l(libinit2.o)
    0x0800030e   0x0800030e   0x00000000   Code   RO          974    .ARM.Collect$$libinit$$00000034  c_w.l(libinit2.o)
    0x0800030e   0x0800030e   0x00000002   Code   RO          975    .ARM.Collect$$libinit$$00000035  c_w.l(libinit2.o)
    0x08000310   0x08000310   0x00000002   Code   RO         1423    .ARM.Collect$$libshutdown$$00000000  c_w.l(libshutdown.o)
    0x08000312   0x08000312   0x00000000   Code   RO         1271    .ARM.Collect$$libshutdown$$00000002  c_w.l(libshutdown2.o)
    0x08000312   0x08000312   0x00000004   Code   RO         1272    .ARM.Collect$$libshutdown$$00000003  c_w.l(libshutdown2.o)
    0x08000316   0x08000316   0x00000000   Code   RO         1273    .ARM.Collect$$libshutdown$$00000004  c_w.l(libshutdown2.o)
    0x08000316   0x08000316   0x00000000   Code   RO         1276    .ARM.Collect$$libshutdown$$00000007  c_w.l(libshutdown2.o)
    0x08000316   0x08000316   0x00000000   Code   RO         1279    .ARM.Collect$$libshutdown$$0000000A  c_w.l(libshutdown2.o)
    0x08000316   0x08000316   0x00000000   Code   RO         1281    .ARM.Collect$$libshutdown$$0000000C  c_w.l(libshutdown2.o)
    0x08000316   0x08000316   0x00000000   Code   RO         1284    .ARM.Collect$$libshutdown$$0000000F  c_w.l(libshutdown2.o)
    0x08000316   0x08000316   0x00000002   Code   RO         1285    .ARM.Collect$$libshutdown$$00000010  c_w.l(libshutdown2.o)
    0x08000318   0x08000318   0x00000000   Code   RO          848    .ARM.Collect$$rtentry$$00000000  c_w.l(__rtentry.o)
    0x08000318   0x08000318   0x00000000   Code   RO         1008    .ARM.Collect$$rtentry$$00000002  c_w.l(__rtentry2.o)
    0x08000318   0x08000318   0x00000006   Code   RO         1020    .ARM.Collect$$rtentry$$00000004  c_w.l(__rtentry4.o)
    0x0800031e   0x0800031e   0x00000000   Code   RO         1010    .ARM.Collect$$rtentry$$00000009  c_w.l(__rtentry2.o)
    0x0800031e   0x0800031e   0x00000004   Code   RO         1011    .ARM.Collect$$rtentry$$0000000A  c_w.l(__rtentry2.o)
    0x08000322   0x08000322   0x00000000   Code   RO         1013    .ARM.Collect$$rtentry$$0000000C  c_w.l(__rtentry2.o)
    0x08000322   0x08000322   0x00000008   Code   RO         1014    .ARM.Collect$$rtentry$$0000000D  c_w.l(__rtentry2.o)
    0x0800032a   0x0800032a   0x00000002   Code   RO         1290    .ARM.Collect$$rtexit$$00000000  c_w.l(rtexit.o)
    0x0800032c   0x0800032c   0x00000000   Code   RO         1363    .ARM.Collect$$rtexit$$00000002  c_w.l(rtexit2.o)
    0x0800032c   0x0800032c   0x00000004   Code   RO         1364    .ARM.Collect$$rtexit$$00000003  c_w.l(rtexit2.o)
    0x08000330   0x08000330   0x00000006   Code   RO         1365    .ARM.Collect$$rtexit$$00000004  c_w.l(rtexit2.o)
    0x08000336   0x08000336   0x00000002   PAD
    0x08000338   0x08000338   0x00000040   Code   RO            4    .text               startup_stm32f427xx.o
    0x08000378   0x08000378   0x000000f0   Code   RO          788    .text               c_w.l(lludivv7m.o)
    0x08000468   0x08000468   0x00000064   Code   RO          790    .text               c_w.l(rt_memcpy_w.o)
    0x080004cc   0x080004cc   0x0000004e   Code   RO          792    .text               c_w.l(rt_memclr_w.o)
    0x0800051a   0x0800051a   0x00000006   Code   RO          794    .text               c_w.l(heapauxi.o)
    0x08000520   0x08000520   0x0000002c   Code   RO          801    .text               c_w.l(init_aeabi.o)
    0x0800054c   0x0800054c   0x0000005e   Code   RO          857    .text               c_w.l(h1_alloc.o)
    0x080005aa   0x080005aa   0x0000004e   Code   RO          859    .text               c_w.l(h1_free.o)
    0x080005f8   0x080005f8   0x000000ae   Code   RO          861    .text               c_w.l(h1_memalign.o)
    0x080006a6   0x080006a6   0x0000000a   Code   RO          919    .text               c_w.l(vfprintf.o)
    0x080006b0   0x080006b0   0x00000016   Code   RO          927    .text               c_w.l(abort.o)
    0x080006c6   0x080006c6   0x00000002   PAD
    0x080006c8   0x080006c8   0x0000000c   Code   RO         1001    .text               c_w.l(sys_exit.o)
    0x080006d4   0x080006d4   0x00000008   Code   RO         1027    .text               c_w.l(rt_heap_descriptor_intlibspace.o)
    0x080006dc   0x080006dc   0x00000004   Code   RO         1029    .text               c_w.l(hguard.o)
    0x080006e0   0x080006e0   0x0000008a   Code   RO         1031    .text               c_w.l(init_alloc.o)
    0x0800076a   0x0800076a   0x0000000c   Code   RO         1035    .text               c_w.l(h1_init.o)
    0x08000776   0x08000776   0x0000004e   Code   RO         1049    .text               c_w.l(_printf_pad.o)
    0x080007c4   0x080007c4   0x00000024   Code   RO         1051    .text               c_w.l(_printf_truncate.o)
    0x080007e8   0x080007e8   0x00000052   Code   RO         1053    .text               c_w.l(_printf_str.o)
    0x0800083a   0x0800083a   0x00000002   PAD
    0x0800083c   0x0800083c   0x00000078   Code   RO         1055    .text               c_w.l(_printf_dec.o)
    0x080008b4   0x080008b4   0x00000028   Code   RO         1057    .text               c_w.l(_printf_charcount.o)
    0x080008dc   0x080008dc   0x00000024   Code   RO         1059    .text               c_w.l(_printf_char_file.o)
    0x08000900   0x08000900   0x000000bc   Code   RO         1061    .text               c_w.l(_printf_wctomb.o)
    0x080009bc   0x080009bc   0x0000007c   Code   RO         1064    .text               c_w.l(_printf_longlong_dec.o)
    0x08000a38   0x08000a38   0x00000070   Code   RO         1070    .text               c_w.l(_printf_oct_int_ll.o)
    0x08000aa8   0x08000aa8   0x00000094   Code   RO         1090    .text               c_w.l(_printf_hex_int_ll_ptr.o)
    0x08000b3c   0x08000b3c   0x00000188   Code   RO         1110    .text               c_w.l(__printf_flags_ss_wp.o)
    0x08000cc4   0x08000cc4   0x00000138   Code   RO         1136    .text               c_w.l(initio.o)
    0x08000dfc   0x08000dfc   0x0000000e   Code   RO         1140    .text               c_w.l(defsig_abrt_outer.o)
    0x08000e0a   0x08000e0a   0x00000002   PAD
    0x08000e0c   0x08000e0c   0x00000008   Code   RO         1180    .text               c_w.l(libspace.o)
    0x08000e14   0x08000e14   0x00000002   Code   RO         1183    .text               c_w.l(use_no_semi.o)
    0x08000e16   0x08000e16   0x00000000   Code   RO         1185    .text               c_w.l(indicate_semi.o)
    0x08000e16   0x08000e16   0x0000004a   Code   RO         1186    .text               c_w.l(sys_stackheap_outer.o)
    0x08000e60   0x08000e60   0x00000000   Code   RO         1192    .text               c_w.l(maybetermalloc1.o)
    0x08000e60   0x08000e60   0x00000034   Code   RO         1194    .text               c_w.l(h1_extend.o)
    0x08000e94   0x08000e94   0x0000008a   Code   RO         1198    .text               c_w.l(lludiv10.o)
    0x08000f1e   0x08000f1e   0x000000b2   Code   RO         1200    .text               c_w.l(_printf_intcommon.o)
    0x08000fd0   0x08000fd0   0x0000041c   Code   RO         1202    .text               c_w.l(_printf_fp_dec.o)
    0x080013ec   0x080013ec   0x000002fc   Code   RO         1206    .text               c_w.l(_printf_fp_hex.o)
    0x080016e8   0x080016e8   0x00000030   Code   RO         1209    .text               c_w.l(_printf_char_common.o)
    0x08001718   0x08001718   0x0000002c   Code   RO         1211    .text               c_w.l(_printf_char.o)
    0x08001744   0x08001744   0x0000002c   Code   RO         1213    .text               c_w.l(_printf_wchar.o)
    0x08001770   0x08001770   0x00000008   Code   RO         1216    .text               c_w.l(ferror.o)
    0x08001778   0x08001778   0x00000046   Code   RO         1222    .text               c_w.l(setvbuf.o)
    0x080017be   0x080017be   0x00000002   PAD
    0x080017c0   0x080017c0   0x000000f0   Code   RO         1225    .text               c_w.l(fopen.o)
    0x080018b0   0x080018b0   0x0000004c   Code   RO         1227    .text               c_w.l(fclose.o)
    0x080018fc   0x080018fc   0x00000048   Code   RO         1237    .text               c_w.l(_c16rtomb.o)
    0x08001944   0x08001944   0x00000012   Code   RO         1239    .text               c_w.l(exit.o)
    0x08001956   0x08001956   0x0000000a   Code   RO         1241    .text               c_w.l(defsig_exit.o)
    0x08001960   0x08001960   0x00000030   Code   RO         1243    .text               c_w.l(defsig_abrt_inner.o)
    0x08001990   0x08001990   0x0000000e   Code   RO         1249    .text               c_w.l(defsig_rtred_outer.o)
    0x0800199e   0x0800199e   0x0000000e   Code   RO         1253    .text               c_w.l(defsig_rtmem_outer.o)
    0x080019ac   0x080019ac   0x00000066   Code   RO         1286    .text               c_w.l(sys_io.o)
    0x08001a12   0x08001a12   0x00000002   PAD
    0x08001a14   0x08001a14   0x00000010   Code   RO         1292    .text               c_w.l(rt_ctype_table.o)
    0x08001a24   0x08001a24   0x00000008   Code   RO         1297    .text               c_w.l(rt_locale_intlibspace.o)
    0x08001a2c   0x08001a2c   0x00000080   Code   RO         1301    .text               c_w.l(_printf_fp_infnan.o)
    0x08001aac   0x08001aac   0x000000e4   Code   RO         1305    .text               c_w.l(bigflt0.o)
    0x08001b90   0x08001b90   0x000001e2   Code   RO         1332    .text               c_w.l(flsbuf.o)
    0x08001d72   0x08001d72   0x00000002   PAD
    0x08001d74   0x08001d74   0x000000f8   Code   RO         1334    .text               c_w.l(fseek.o)
    0x08001e6c   0x08001e6c   0x00000108   Code   RO         1336    .text               c_w.l(stdio.o)
    0x08001f74   0x08001f74   0x00000032   Code   RO         1343    .text               c_w.l(defsig_general.o)
    0x08001fa6   0x08001fa6   0x00000002   PAD
    0x08001fa8   0x08001fa8   0x00000034   Code   RO         1347    .text               c_w.l(defsig_rtred_inner.o)
    0x08001fdc   0x08001fdc   0x00000050   Code   RO         1349    .text               c_w.l(defsig_rtmem_inner.o)
    0x0800202c   0x0800202c   0x0000000e   Code   RO         1358    .text               c_w.l(sys_wrch.o)
    0x0800203a   0x0800203a   0x00000042   Code   RO         1377    .text               c_w.l(ftell.o)
    0x0800207c   0x0800207c   0x0000003e   Code   RO         1390    .text               c_w.l(strlen.o)
    0x080020ba   0x080020ba   0x00000006   PAD
    0x080020c0   0x080020c0   0x0000007c   Code   RO         1392    .text               c_w.l(strcmpv7em.o)
    0x0800213c   0x0800213c   0x00000008   Code   RO         1397    .text               c_w.l(rt_errno_addr_intlibspace.o)
    0x08002144   0x08002144   0x00000002   Code   RO          122    .text.BusFault_Handler  stm32f4xx_it.o
    0x08002146   0x08002146   0x00000002   PAD
    0x08002148   0x08002148   0x0000000c   Code   RO          134    .text.CAN1_RX0_IRQHandler  stm32f4xx_it.o
    0x08002154   0x08002154   0x0000000c   Code   RO          136    .text.CAN1_RX1_IRQHandler  stm32f4xx_it.o
    0x08002160   0x08002160   0x0000000c   Code   RO          138    .text.DMA2_Stream1_IRQHandler  stm32f4xx_it.o
    0x0800216c   0x0800216c   0x0000000c   Code   RO          140    .text.DMA2_Stream6_IRQHandler  stm32f4xx_it.o
    0x08002178   0x08002178   0x00000002   Code   RO          128    .text.DebugMon_Handler  stm32f4xx_it.o
    0x0800217a   0x0800217a   0x00000002   PAD
    0x0800217c   0x0800217c   0x00000006   Code   RO           52    .text.Error_Handler  main.o
    0x08002182   0x08002182   0x00000002   PAD
    0x08002184   0x08002184   0x0000002e   Code   RO          193    .text.HAL_CAN_ActivateNotification  stm32f4xx_hal_can.o
    0x080021b2   0x080021b2   0x00000002   PAD
    0x080021b4   0x080021b4   0x000000a4   Code   RO          179    .text.HAL_CAN_AddTxMessage  stm32f4xx_hal_can.o
    0x08002258   0x08002258   0x000000de   Code   RO          169    .text.HAL_CAN_ConfigFilter  stm32f4xx_hal_can.o
    0x08002336   0x08002336   0x00000002   PAD
    0x08002338   0x08002338   0x00000002   Code   RO          223    .text.HAL_CAN_ErrorCallback  stm32f4xx_hal_can.o
    0x0800233a   0x0800233a   0x00000002   PAD
    0x0800233c   0x0800233c   0x0000012e   Code   RO          189    .text.HAL_CAN_GetRxMessage  stm32f4xx_hal_can.o
    0x0800246a   0x0800246a   0x00000002   PAD
    0x0800246c   0x0800246c   0x0000025e   Code   RO          197    .text.HAL_CAN_IRQHandler  stm32f4xx_hal_can.o
    0x080026ca   0x080026ca   0x00000002   PAD
    0x080026cc   0x080026cc   0x000000f4   Code   RO          159    .text.HAL_CAN_Init  stm32f4xx_hal_can.o
    0x080027c0   0x080027c0   0x00000092   Code   RO           77    .text.HAL_CAN_MspInit  can.o
    0x08002852   0x08002852   0x00000002   PAD
    0x08002854   0x08002854   0x00000002   Code   RO          211    .text.HAL_CAN_RxFifo0FullCallback  stm32f4xx_hal_can.o
    0x08002856   0x08002856   0x00000002   PAD
    0x08002858   0x08002858   0x0000007c   Code   RO           11    .text.HAL_CAN_RxFifo0MsgPendingCallback  callback.o
    0x080028d4   0x080028d4   0x00000002   Code   RO          215    .text.HAL_CAN_RxFifo1FullCallback  stm32f4xx_hal_can.o
    0x080028d6   0x080028d6   0x00000002   PAD
    0x080028d8   0x080028d8   0x00000002   Code   RO          217    .text.HAL_CAN_RxFifo1MsgPendingCallback  stm32f4xx_hal_can.o
    0x080028da   0x080028da   0x00000002   PAD
    0x080028dc   0x080028dc   0x00000002   Code   RO          219    .text.HAL_CAN_SleepCallback  stm32f4xx_hal_can.o
    0x080028de   0x080028de   0x00000002   PAD
    0x080028e0   0x080028e0   0x0000005a   Code   RO          171    .text.HAL_CAN_Start  stm32f4xx_hal_can.o
    0x0800293a   0x0800293a   0x00000002   PAD
    0x0800293c   0x0800293c   0x00000002   Code   RO          201    .text.HAL_CAN_TxMailbox0AbortCallback  stm32f4xx_hal_can.o
    0x0800293e   0x0800293e   0x00000002   PAD
    0x08002940   0x08002940   0x00000002   Code   RO          199    .text.HAL_CAN_TxMailbox0CompleteCallback  stm32f4xx_hal_can.o
    0x08002942   0x08002942   0x00000002   PAD
    0x08002944   0x08002944   0x00000002   Code   RO          205    .text.HAL_CAN_TxMailbox1AbortCallback  stm32f4xx_hal_can.o
    0x08002946   0x08002946   0x00000002   PAD
    0x08002948   0x08002948   0x00000002   Code   RO          203    .text.HAL_CAN_TxMailbox1CompleteCallback  stm32f4xx_hal_can.o
    0x0800294a   0x0800294a   0x00000002   PAD
    0x0800294c   0x0800294c   0x00000002   Code   RO          209    .text.HAL_CAN_TxMailbox2AbortCallback  stm32f4xx_hal_can.o
    0x0800294e   0x0800294e   0x00000002   PAD
    0x08002950   0x08002950   0x00000002   Code   RO          207    .text.HAL_CAN_TxMailbox2CompleteCallback  stm32f4xx_hal_can.o
    0x08002952   0x08002952   0x00000002   PAD
    0x08002954   0x08002954   0x00000002   Code   RO          221    .text.HAL_CAN_WakeUpFromRxMsgCallback  stm32f4xx_hal_can.o
    0x08002956   0x08002956   0x00000002   PAD
    0x08002958   0x08002958   0x0000008e   Code   RO          409    .text.HAL_DMA_Abort  stm32f4xx_hal_dma.o
    0x080029e6   0x080029e6   0x00000002   PAD
    0x080029e8   0x080029e8   0x00000024   Code   RO          411    .text.HAL_DMA_Abort_IT  stm32f4xx_hal_dma.o
    0x08002a0c   0x08002a0c   0x000001c4   Code   RO          415    .text.HAL_DMA_IRQHandler  stm32f4xx_hal_dma.o
    0x08002bd0   0x08002bd0   0x00000162   Code   RO          401    .text.HAL_DMA_Init  stm32f4xx_hal_dma.o
    0x08002d32   0x08002d32   0x00000002   PAD
    0x08002d34   0x08002d34   0x000000a2   Code   RO          407    .text.HAL_DMA_Start_IT  stm32f4xx_hal_dma.o
    0x08002dd6   0x08002dd6   0x00000002   PAD
    0x08002dd8   0x08002dd8   0x00000028   Code   RO          574    .text.HAL_Delay     stm32f4xx_hal.o
    0x08002e00   0x08002e00   0x0000019e   Code   RO          363    .text.HAL_GPIO_Init  stm32f4xx_hal_gpio.o
    0x08002f9e   0x08002f9e   0x00000002   PAD
    0x08002fa0   0x08002fa0   0x0000000a   Code   RO          369    .text.HAL_GPIO_WritePin  stm32f4xx_hal_gpio.o
    0x08002faa   0x08002faa   0x00000002   PAD
    0x08002fac   0x08002fac   0x0000000c   Code   RO          566    .text.HAL_GetTick   stm32f4xx_hal.o
    0x08002fb8   0x08002fb8   0x0000001a   Code   RO          564    .text.HAL_IncTick   stm32f4xx_hal.o
    0x08002fd2   0x08002fd2   0x00000002   PAD
    0x08002fd4   0x08002fd4   0x00000036   Code   RO          554    .text.HAL_Init      stm32f4xx_hal.o
    0x0800300a   0x0800300a   0x00000002   PAD
    0x0800300c   0x0800300c   0x00000048   Code   RO          556    .text.HAL_InitTick  stm32f4xx_hal.o
    0x08003054   0x08003054   0x00000038   Code   RO          151    .text.HAL_MspInit   stm32f4xx_hal_msp.o
    0x0800308c   0x0800308c   0x00000022   Code   RO          506    .text.HAL_NVIC_EnableIRQ  stm32f4xx_hal_cortex.o
    0x080030ae   0x080030ae   0x00000002   PAD
    0x080030b0   0x080030b0   0x00000056   Code   RO          504    .text.HAL_NVIC_SetPriority  stm32f4xx_hal_cortex.o
    0x08003106   0x08003106   0x00000002   PAD
    0x08003108   0x08003108   0x00000020   Code   RO          502    .text.HAL_NVIC_SetPriorityGrouping  stm32f4xx_hal_cortex.o
    0x08003128   0x08003128   0x0000007a   Code   RO          488    .text.HAL_PWREx_EnableOverDrive  stm32f4xx_hal_pwr_ex.o
    0x080031a2   0x080031a2   0x00000002   PAD
    0x080031a4   0x080031a4   0x00000164   Code   RO          243    .text.HAL_RCC_ClockConfig  stm32f4xx_hal_rcc.o
    0x08003308   0x08003308   0x00000026   Code   RO          255    .text.HAL_RCC_GetPCLK1Freq  stm32f4xx_hal_rcc.o
    0x0800332e   0x0800332e   0x00000002   PAD
    0x08003330   0x08003330   0x00000026   Code   RO          257    .text.HAL_RCC_GetPCLK2Freq  stm32f4xx_hal_rcc.o
    0x08003356   0x08003356   0x00000002   PAD
    0x08003358   0x08003358   0x0000006a   Code   RO          245    .text.HAL_RCC_GetSysClockFreq  stm32f4xx_hal_rcc.o
    0x080033c2   0x080033c2   0x00000002   PAD
    0x080033c4   0x080033c4   0x000003ac   Code   RO          241    .text.HAL_RCC_OscConfig  stm32f4xx_hal_rcc.o
    0x08003770   0x08003770   0x0000002c   Code   RO          514    .text.HAL_SYSTICK_Config  stm32f4xx_hal_cortex.o
    0x0800379c   0x0800379c   0x00000002   Code   RO          736    .text.HAL_UARTEx_RxEventCallback  stm32f4xx_hal_uart.o
    0x0800379e   0x0800379e   0x00000002   PAD
    0x080037a0   0x080037a0   0x00000002   Code   RO          734    .text.HAL_UART_ErrorCallback  stm32f4xx_hal_uart.o
    0x080037a2   0x080037a2   0x00000002   PAD
    0x080037a4   0x080037a4   0x00000570   Code   RO          728    .text.HAL_UART_IRQHandler  stm32f4xx_hal_uart.o
    0x08003d14   0x08003d14   0x00000060   Code   RO          650    .text.HAL_UART_Init  stm32f4xx_hal_uart.o
    0x08003d74   0x08003d74   0x00000106   Code   RO          101    .text.HAL_UART_MspInit  usart.o
    0x08003e7a   0x08003e7a   0x00000002   PAD
    0x08003e7c   0x08003e7c   0x00000002   Code   RO          742    .text.HAL_UART_RxCpltCallback  stm32f4xx_hal_uart.o
    0x08003e7e   0x08003e7e   0x00000002   PAD
    0x08003e80   0x08003e80   0x000000bc   Code   RO          676    .text.HAL_UART_Transmit_DMA  stm32f4xx_hal_uart.o
    0x08003f3c   0x08003f3c   0x00000002   Code   RO          738    .text.HAL_UART_TxCpltCallback  stm32f4xx_hal_uart.o
    0x08003f3e   0x08003f3e   0x00000002   PAD
    0x08003f40   0x08003f40   0x00000002   Code   RO          740    .text.HAL_UART_TxHalfCpltCallback  stm32f4xx_hal_uart.o
    0x08003f42   0x08003f42   0x00000002   PAD
    0x08003f44   0x08003f44   0x00000002   Code   RO          118    .text.HardFault_Handler  stm32f4xx_it.o
    0x08003f46   0x08003f46   0x00000002   PAD
    0x08003f48   0x08003f48   0x00000046   Code   RO           75    .text.MX_CAN1_Init  can.o
    0x08003f8e   0x08003f8e   0x00000002   PAD
    0x08003f90   0x08003f90   0x00000048   Code   RO           90    .text.MX_DMA_Init   dma.o
    0x08003fd8   0x08003fd8   0x000000aa   Code   RO           66    .text.MX_GPIO_Init  gpio.o
    0x08004082   0x08004082   0x00000002   PAD
    0x08004084   0x08004084   0x0000003c   Code   RO           99    .text.MX_USART6_UART_Init  usart.o
    0x080040c0   0x080040c0   0x00000002   Code   RO          120    .text.MemManage_Handler  stm32f4xx_it.o
    0x080040c2   0x080040c2   0x00000002   PAD
    0x080040c4   0x080040c4   0x00000002   Code   RO          116    .text.NMI_Handler   stm32f4xx_it.o
    0x080040c6   0x080040c6   0x00000002   PAD
    0x080040c8   0x080040c8   0x00000002   Code   RO          130    .text.PendSV_Handler  stm32f4xx_it.o
    0x080040ca   0x080040ca   0x00000002   PAD
    0x080040cc   0x080040cc   0x00000002   Code   RO          126    .text.SVC_Handler   stm32f4xx_it.o
    0x080040ce   0x080040ce   0x00000002   PAD
    0x080040d0   0x080040d0   0x00000004   Code   RO          132    .text.SysTick_Handler  stm32f4xx_it.o
    0x080040d4   0x080040d4   0x000000bc   Code   RO           50    .text.SystemClock_Config  main.o
    0x08004190   0x08004190   0x00000012   Code   RO          772    .text.SystemInit    system_stm32f4xx.o
    0x080041a2   0x080041a2   0x00000002   PAD
    0x080041a4   0x080041a4   0x0000000c   Code   RO          732    .text.UART_DMAAbortOnError  stm32f4xx_hal_uart.o
    0x080041b0   0x080041b0   0x0000017c   Code   RO          682    .text.UART_DMAError  stm32f4xx_hal_uart.o
    0x0800432c   0x0800432c   0x000000b0   Code   RO          678    .text.UART_DMATransmitCplt  stm32f4xx_hal_uart.o
    0x080043dc   0x080043dc   0x00000006   Code   RO          680    .text.UART_DMATxHalfCplt  stm32f4xx_hal_uart.o
    0x080043e2   0x080043e2   0x00000002   PAD
    0x080043e4   0x080043e4   0x000000fe   Code   RO          730    .text.UART_Receive_IT  stm32f4xx_hal_uart.o
    0x080044e2   0x080044e2   0x00000002   PAD
    0x080044e4   0x080044e4   0x000000e6   Code   RO          654    .text.UART_SetConfig  stm32f4xx_hal_uart.o
    0x080045ca   0x080045ca   0x00000002   PAD
    0x080045cc   0x080045cc   0x0000000c   Code   RO          142    .text.USART6_IRQHandler  stm32f4xx_it.o
    0x080045d8   0x080045d8   0x00000002   Code   RO          124    .text.UsageFault_Handler  stm32f4xx_it.o
    0x080045da   0x080045da   0x00000002   PAD
    0x080045dc   0x080045dc   0x0000000c   Code   RO           13    .text._GLOBAL__sub_I_Callback.cpp  callback.o
    0x080045e8   0x080045e8   0x00000026   Code   RO          807    .text._ZL17operator_new_implj  libcpp_w.l(new.cpp.o)
    0x0800460e   0x0800460e   0x00000002   PAD
    0x08004610   0x08004610   0x0000004a   Code   RO          825    .text._ZL25operator_new_aligned_impljSt11align_val_t  libcpp_w.l(new.cpp.o)
    0x0800465a   0x0800465a   0x00000002   PAD
    0x0800465c   0x0800465c   0x000000a8   Code   RO           29    .text._ZN11M3508_Motor16canRxMsgCallbackEPh  motor.o
    0x08004704   0x08004704   0x00000228   Code   RO           31    .text._ZN11M3508_Motor17Get_motor_messageEv  motor.o
    0x0800492c   0x0800492c   0x00000024   Code   RO           25    .text._ZN11M3508_MotorC2Ev  motor.o
    0x08004950   0x08004950   0x00000010   Code   RO           41    .text._ZNKSt3__26vectorIfNS_9allocatorIfEEE20__throw_length_errorB8nn190000Ev  motor.o
    0x08004960   0x08004960   0x0000000e   Code   RO           43    .text._ZNSt3__220__throw_length_errorB8nn190000EPKc  motor.o
    0x0800496e   0x0800496e   0x0000001e   Code   RO          845    .text._ZNSt3__222__libcpp_verbose_abortEPKcz  libcpp_w.l(verbose_abort.cpp.o)
    0x0800498c   0x0800498c   0x0000000c   Code   RO          998    .text._ZSt15get_new_handlerv  libcppabi_w.l(cxa_handlers.cpp.o)
    0x08004998   0x08004998   0x00000038   Code   RO          981    .text._ZSt17__throw_bad_allocv  libcpp_w.l(new_helpers.cpp.o)
    0x080049d0   0x080049d0   0x00000040   Code   RO           45    .text._ZSt28__throw_bad_array_new_lengthB8nn190000v  motor.o
    0x08004a10   0x08004a10   0x00000004   Code   RO          813    .text._ZdlPv        libcpp_w.l(new.cpp.o)
    0x08004a14   0x08004a14   0x00000076   Code   RO           48    .text.main          main.o
    0x08004a8a   0x08004a8a   0x0000003e   Code   RO         1308    CL$$btod_d2e        c_w.l(btod.o)
    0x08004ac8   0x08004ac8   0x00000046   Code   RO         1310    CL$$btod_d2e_denorm_low  c_w.l(btod.o)
    0x08004b0e   0x08004b0e   0x00000060   Code   RO         1309    CL$$btod_d2e_norm_op1  c_w.l(btod.o)
    0x08004b6e   0x08004b6e   0x00000002   PAD
    0x08004b70   0x08004b70   0x00000338   Code   RO         1318    CL$$btod_div_common  c_w.l(btod.o)
    0x08004ea8   0x08004ea8   0x000000dc   Code   RO         1315    CL$$btod_e2e        c_w.l(btod.o)
    0x08004f84   0x08004f84   0x0000002a   Code   RO         1312    CL$$btod_ediv       c_w.l(btod.o)
    0x08004fae   0x08004fae   0x0000002a   Code   RO         1311    CL$$btod_emul       c_w.l(btod.o)
    0x08004fd8   0x08004fd8   0x00000244   Code   RO         1317    CL$$btod_mult_common  c_w.l(btod.o)
    0x0800521c   0x0800521c   0x00000024   Code   RO          805    __lcxx_override     libcpp_w.l(new.cpp.o)
    0x08005240   0x08005240   0x00000030   Code   RO         1356    i.__ARM_fpclassify  m_wm.l(fpclassify.o)
    0x08005270   0x08005270   0x0000000e   Code   RO         1103    i._is_digit         c_w.l(__printf_wp.o)
    0x0800527e   0x0800527e   0x0000001c   Code   RO         1219    i.fputc             c_w.l(fputc.o)
    0x0800529a   0x0800529a   0x00000002   PAD
    0x0800529c   0x0800529c   0x0000002c   Code   RO         1339    locale$$code        c_w.l(lc_numeric_c.o)
    0x080052c8   0x080052c8   0x0000002c   Code   RO         1384    locale$$code        c_w.l(lc_ctype_c.o)
    0x080052f4   0x080052f4   0x0000001a   Code   RO         1148    x$fpl$fpinit        fz_wm.l(fpinit.o)
    0x0800530e   0x0800530e   0x00000004   Code   RO         1150    x$fpl$printf1       fz_wm.l(printf1.o)
    0x08005312   0x08005312   0x00000004   Code   RO         1152    x$fpl$printf2       fz_wm.l(printf2.o)
    0x08005316   0x08005316   0x00000000   Code   RO         1355    x$fpl$usenofp       fz_wm.l(usenofp.o)
    0x08005316   0x08005316   0x00000002   PAD
    0x08005318   0x08005318   0x00000008   Data   RO         1062    .constdata          c_w.l(_printf_wctomb.o)
    0x08005320   0x08005320   0x00000028   Data   RO         1091    .constdata          c_w.l(_printf_hex_int_ll_ptr.o)
    0x08005348   0x08005348   0x00000011   Data   RO         1111    .constdata          c_w.l(__printf_flags_ss_wp.o)
    0x08005359   0x08005359   0x00000004   Data   RO         1175    .constdata          c_w.l(sys_io_names.o)
    0x0800535d   0x0800535d   0x00000004   Data   RO         1176    .constdata          c_w.l(sys_io_names.o)
    0x08005361   0x08005361   0x00000004   Data   RO         1177    .constdata          c_w.l(sys_io_names.o)
    0x08005365   0x08005365   0x00000026   Data   RO         1207    .constdata          c_w.l(_printf_fp_hex.o)
    0x0800538b   0x0800538b   0x00000001   PAD
    0x0800538c   0x0800538c   0x00000094   Data   RO         1306    .constdata          c_w.l(bigflt0.o)
    0x08005420   0x08005420   0x00000010   Data   RO          777    .rodata.AHBPrescTable  system_stm32f4xx.o
    0x08005430   0x08005430   0x00000008   Data   RO          778    .rodata.APBPrescTable  system_stm32f4xx.o
    0x08005438   0x08005438   0x00000008   Data   RO          425    .rodata.cst8        stm32f4xx_hal_dma.o
    0x08005440   0x08005440   0x00000042   Data   RO           33    .rodata.str1.1      motor.o
    0x08005482   0x08005482   0x00000002   PAD
    0x08005484   0x08005484   0x00000020   Data   RO         1425    Region$$Table       anon$$obj.o
    0x080054a4   0x080054a4   0x0000001c   Data   RO         1338    locale$$data        c_w.l(lc_numeric_c.o)
    0x080054c0   0x080054c0   0x00000110   Data   RO         1383    locale$$data        c_w.l(lc_ctype_c.o)
    0x080055d0   0x080055d0   0x00000004   Data   RO           16    .init_array         callback.o
    0x080055d4   0x080055d0   0x00000000   Data   RO          799    .init_array         c_w.l(init_aeabi.o)


    Execution Region RW_IRAM2 (Exec base: 0x10000000, Load base: 0x08005618, Size: 0x00000000, Max: 0x00010000, ABSOLUTE)

    **** No section assigned to this execution region ****


    Execution Region RW_IRAM1 (Exec base: 0x20000000, Load base: 0x080055d8, Size: 0x00000920, Max: 0x00030000, ABSOLUTE)

    Exec Addr    Load Addr    Size         Type   Attr      Idx    E Section Name        Object

    0x20000000   0x080055d8   0x00000004   Data   RW          924    .data               c_w.l(stdio_streams.o)
    0x20000004   0x080055dc   0x00000004   Data   RW          925    .data               c_w.l(stdio_streams.o)
    0x20000008   0x080055e0   0x00000004   Data   RW          926    .data               c_w.l(stdio_streams.o)
    0x2000000c   0x080055e4   0x00000024   Data   RW           57    .data..L_MergedGlobals  main.o
    0x20000030   0x08005608   0x00000008   Data   RW          613    .data..L_MergedGlobals  stm32f4xx_hal.o
    0x20000038   0x08005610   0x00000004   Data   RW          776    .data.SystemCoreClock  system_stm32f4xx.o
    0x2000003c   0x08005614   0x00000004   PAD
    0x20000040        -       0x00000054   Zero   RW          921    .bss                c_w.l(stdio_streams.o)
    0x20000094        -       0x00000054   Zero   RW          922    .bss                c_w.l(stdio_streams.o)
    0x200000e8        -       0x00000054   Zero   RW          923    .bss                c_w.l(stdio_streams.o)
    0x2000013c        -       0x00000060   Zero   RW         1181    .bss                c_w.l(libspace.o)
    0x2000019c        -       0x00000008   Zero   RW           55    .bss.RxData         main.o
    0x200001a4        -       0x0000001c   Zero   RW           54    .bss.RxHeader       main.o
    0x200001c0        -       0x00000004   Zero   RW         1171    .bss.__cxa_new_handler  libcppabi_w.l(cxa_default_handlers.cpp.o)
    0x200001c4        -       0x00000028   Zero   RW           81    .bss.hcan1          can.o
    0x200001ec        -       0x00000060   Zero   RW          106    .bss.hdma_usart6_rx  usart.o
    0x2000024c        -       0x00000060   Zero   RW          107    .bss.hdma_usart6_tx  usart.o
    0x200002ac        -       0x00000048   Zero   RW          105    .bss.huart6         usart.o
    0x200002f4        -       0x00000024   Zero   RW           15    .bss.motor          callback.o
    0x20000318        -       0x00000004   Zero   RW          612    .bss.uwTick         stm32f4xx_hal.o
    0x2000031c   0x08005614   0x00000004   PAD
    0x20000320        -       0x00000200   Zero   RW            2    HEAP                startup_stm32f427xx.o
    0x20000520        -       0x00000400   Zero   RW            1    STACK               startup_stm32f427xx.o


==============================================================================

Image component sizes


      Code (inc. data)   RO Data    RW Data    ZI Data      Debug   Object Name

       136          0          4          0         36      31689   callback.o
       216          0          0          0         40       6333   can.o
        72          0          0          0          0       3614   dma.o
       170          0          0          0          0       2206   gpio.o
       312          0          0         36         36       4242   main.o
       850         76         66          0          0      61630   motor.o
        64         26        428          0       1536        824   startup_stm32f427xx.o
       204          0          0          8          4       7640   stm32f4xx_hal.o
      1698          6          0          0          0      13809   stm32f4xx_hal_can.o
       196          0          0          0          0      10819   stm32f4xx_hal_cortex.o
      1146          6          8          0          0      10505   stm32f4xx_hal_dma.o
       424          0          0          0          0       5368   stm32f4xx_hal_gpio.o
        56          0          0          0          0       1477   stm32f4xx_hal_msp.o
       122          0          0          0          0       4570   stm32f4xx_hal_pwr_ex.o
      1478          0          0          0          0       7401   stm32f4xx_hal_rcc.o
      2744          0          0          0          0      32115   stm32f4xx_hal_uart.o
        80          0          0          0          0       6116   stm32f4xx_it.o
        18          0         24          4          0       2665   system_stm32f4xx.o
       322          0          0          0        264       7290   usart.o

    ----------------------------------------------------------------------
     10412        114        564         48       1924     220313   Object Totals
         0          0         32          0          0          0   (incl. Generated)
       104          0          2          0          8          0   (incl. Padding)

    ----------------------------------------------------------------------

      Code (inc. data)   RO Data    RW Data    ZI Data      Debug   Library Member Name

         8          0          0          0          0         68   __main.o
       392          4         17          0          0         92   __printf_flags_ss_wp.o
        14          0          0          0          0         68   __printf_wp.o
         0          0          0          0          0          0   __rtentry.o
        12          0          0          0          0          0   __rtentry2.o
         6          0          0          0          0          0   __rtentry4.o
        94          8          0          0          0          0   __scatter.o
        26          0          0          0          0          0   __scatter_copy.o
        28          0          0          0          0          0   __scatter_zi.o
        72          0          0          0          0         96   _c16rtomb.o
         6          0          0          0          0          0   _printf_a.o
         6          0          0          0          0          0   _printf_c.o
        44          0          0          0          0        108   _printf_char.o
        48          6          0          0          0         96   _printf_char_common.o
        36          4          0          0          0         80   _printf_char_file.o
        40          0          0          0          0         68   _printf_charcount.o
         6          0          0          0          0          0   _printf_d.o
       120         16          0          0          0         92   _printf_dec.o
         6          0          0          0          0          0   _printf_e.o
         6          0          0          0          0          0   _printf_f.o
      1052          0          0          0          0        148   _printf_fp_dec.o
       764          8         38          0          0        100   _printf_fp_hex.o
       128         16          0          0          0         84   _printf_fp_infnan.o
         6          0          0          0          0          0   _printf_g.o
       148          4         40          0          0        160   _printf_hex_int_ll_ptr.o
         6          0          0          0          0          0   _printf_i.o
       178          0          0          0          0         88   _printf_intcommon.o
        10          0          0          0          0          0   _printf_l.o
         6          0          0          0          0          0   _printf_lc.o
        10          0          0          0          0          0   _printf_ll.o
         6          0          0          0          0          0   _printf_lld.o
         6          0          0          0          0          0   _printf_lli.o
         6          0          0          0          0          0   _printf_llo.o
         6          0          0          0          0          0   _printf_llu.o
         6          0          0          0          0          0   _printf_llx.o
       124         16          0          0          0         92   _printf_longlong_dec.o
         6          0          0          0          0          0   _printf_ls.o
         6          0          0          0          0          0   _printf_n.o
         6          0          0          0          0          0   _printf_o.o
       112          8          0          0          0        124   _printf_oct_int_ll.o
         6          0          0          0          0          0   _printf_p.o
        78          0          0          0          0        108   _printf_pad.o
         0          0          0          0          0          0   _printf_percent.o
         4          0          0          0          0          0   _printf_percent_end.o
         6          0          0          0          0          0   _printf_s.o
        82          0          0          0          0         80   _printf_str.o
        36          0          0          0          0         84   _printf_truncate.o
         6          0          0          0          0          0   _printf_u.o
        44          0          0          0          0        108   _printf_wchar.o
       188          6          8          0          0         92   _printf_wctomb.o
         6          0          0          0          0          0   _printf_x.o
        22          0          0          0          0         80   abort.o
       228          4        148          0          0         96   bigflt0.o
      1936        128          0          0          0        668   btod.o
        48         34          0          0          0         76   defsig_abrt_inner.o
        14          0          0          0          0         80   defsig_abrt_outer.o
        10          0          0          0          0         68   defsig_exit.o
        50          0          0          0          0         88   defsig_general.o
        80         58          0          0          0         76   defsig_rtmem_inner.o
        14          0          0          0          0         80   defsig_rtmem_outer.o
        52         38          0          0          0         76   defsig_rtred_inner.o
        14          0          0          0          0         80   defsig_rtred_outer.o
        18          0          0          0          0         80   exit.o
        76          0          0          0          0         88   fclose.o
         8          0          0          0          0         68   ferror.o
       482          0          0          0          0         92   flsbuf.o
       240          6          0          0          0        128   fopen.o
        28          0          0          0          0         68   fputc.o
       248          6          0          0          0         84   fseek.o
        66          0          0          0          0         76   ftell.o
        94          0          0          0          0         80   h1_alloc.o
        52          0          0          0          0         68   h1_extend.o
        78          0          0          0          0         80   h1_free.o
        12          0          0          0          0         84   h1_init.o
       174          0          0          0          0         88   h1_memalign.o
         6          0          0          0          0        152   heapauxi.o
         4          0          0          0          0        136   hguard.o
         0          0          0          0          0          0   indicate_semi.o
        44          8          0          0          0         80   init_aeabi.o
       138          0          0          0          0        168   init_alloc.o
       312         46          0          0          0        112   initio.o
        44         10        272          0          0         76   lc_ctype_c.o
        44         10         28          0          0         76   lc_numeric_c.o
         2          0          0          0          0          0   libinit.o
        50          0          0          0          0          0   libinit2.o
         2          0          0          0          0          0   libshutdown.o
         6          0          0          0          0          0   libshutdown2.o
         8          4          0          0         96         68   libspace.o
       138          0          0          0          0         80   lludiv10.o
       240          0          0          0          0        100   lludivv7m.o
         0          0          0          0          0          0   maybetermalloc1.o
        16          4          0          0          0         76   rt_ctype_table.o
         8          4          0          0          0         68   rt_errno_addr_intlibspace.o
         8          4          0          0          0         68   rt_heap_descriptor_intlibspace.o
         8          4          0          0          0         68   rt_locale_intlibspace.o
        78          0          0          0          0         80   rt_memclr_w.o
       100          0          0          0          0         80   rt_memcpy_w.o
         2          0          0          0          0          0   rtexit.o
        10          0          0          0          0          0   rtexit2.o
        70          0          0          0          0         80   setvbuf.o
       264          6          0          0          0        160   stdio.o
         0          0          0         12        252          0   stdio_streams.o
       124          0          0          0          0         88   strcmpv7em.o
        62          0          0          0          0         76   strlen.o
        12          4          0          0          0         68   sys_exit.o
       102          0          0          0          0        240   sys_io.o
         0          0         12          0          0          0   sys_io_names.o
        74          0          0          0          0         80   sys_stackheap_outer.o
        14          0          0          0          0         76   sys_wrch.o
         2          0          0          0          0         68   use_no_semi.o
        10          0          0          0          0         68   vfprintf.o
        26          0          0          0          0        116   fpinit.o
         4          0          0          0          0        116   printf1.o
         4          0          0          0          0        116   printf2.o
         0          0          0          0          0          0   usenofp.o
       152          0          0          0          0        412   new.cpp.o
        56         48          0          0          0         36   new_helpers.cpp.o
        30          0          0          0          0         40   verbose_abort.cpp.o
         0          0          0          0          4          0   cxa_default_handlers.cpp.o
        12          0          0          0          0        132   cxa_handlers.cpp.o
        48          0          0          0          0        124   fpclassify.o

    ----------------------------------------------------------------------
     10432        522        564         12        352       8172   Library Totals
        36          0          1          0          0          0   (incl. Padding)

    ----------------------------------------------------------------------

      Code (inc. data)   RO Data    RW Data    ZI Data      Debug   Library Name

     10064        474        563         12        348       7080   c_w.l
        34          0          0          0          0        348   fz_wm.l
       238         48          0          0          0        488   libcpp_w.l
        12          0          0          0          4        132   libcppabi_w.l
        48          0          0          0          0        124   m_wm.l

    ----------------------------------------------------------------------
     10432        522        564         12        352       8172   Library Totals

    ----------------------------------------------------------------------

==============================================================================


      Code (inc. data)   RO Data    RW Data    ZI Data      Debug   

     20844        636       1128         60       2276     224033   Grand Totals
     20844        636       1128         60       2276     224033   ELF Image Totals
     20844        636       1128         60          0          0   ROM Totals

==============================================================================

    Total RO  Size (Code + RO Data)                21972 (  21.46kB)
    Total RW  Size (RW Data + ZI Data)              2336 (   2.28kB)
    Total ROM Size (Code + RO Data + RW Data)      22032 (  21.52kB)

==============================================================================

